2026-07-24 03:05:16.746: [INFO] VisibilityChanged: 0
2026-07-24 03:05:16.816: [INFO] RecordSyncInitDuration has_sync_been_enabled: 0 state: 0
2026-07-24 03:05:16.817: [INFO] RecordSyncInitDuration has_sync_been_enabled: 0 state: 0
2026-07-24 03:05:16.819: [INFO] RecordSyncInitDuration has_sync_been_enabled: 0 state: 0
2026-07-24 03:05:16.820: [INFO] RecordSyncInitDuration has_sync_been_enabled: 0 state: 0
2026-07-24 03:05:16.821: [INFO] RecordSyncInitDuration has_sync_been_enabled: 0 state: 0
2026-07-24 03:05:16.823: [INFO] RecordSyncInitDuration has_sync_been_enabled: 0 state: 0
2026-07-24 03:05:16.824: [INFO] RecordSyncInitDuration has_sync_been_enabled: 0 state: 0
2026-07-24 03:05:16.826: [INFO] RecordSyncInitDuration has_sync_been_enabled: 0 state: 0
2026-07-24 03:05:16.827: [INFO] RecordSyncInitDuration has_sync_been_enabled: 0 state: 0
2026-07-24 03:05:16.828: [INFO] RecordSyncInitDuration has_sync_been_enabled: 0 state: 0
2026-07-24 03:05:16.857: [INFO] BookmarkModelLoaded, ids_reassigned: 0
2026-07-24 03:05:16.857: [INFO] OnDoneLoading sync enabled: 0
2026-07-24 03:05:16.926: [INFO] RecordSyncInitDuration has_sync_been_enabled: 0 state: 0
2026-07-24 03:05:19.940: [INFO] RecordSyncInitDuration has_sync_been_enabled: 0 state: 0
2026-07-24 03:05:19.944: [INFO] RecordSyncInitDuration has_sync_been_enabled: 0 state: 3
2026-07-24 03:05:19.947: [INFO] Primary account changed.
2026-07-24 03:05:19.947: [INFO] OnPrimaryAccountChanged PrimaryAccountChangeEvent::Type::kSet
2026-07-24 03:05:19.951: [INFO] RecordSyncInitDuration has_sync_been_enabled: 0 state: 3
2026-07-24 03:05:19.968: [INFO] RecordSyncInitDuration has_sync_been_enabled: 0 state: 3
2026-07-24 03:06:33.008: [INFO] BookmarkNodeAdded, ABU: 0
2026-07-24 03:06:33.009: [INFO] BookmarkNodeAdded, ABU: 0
2026-07-24 03:06:33.010: [INFO] BookmarkNodeAdded, ABU: 0
2026-07-24 03:06:33.011: [INFO] BookmarkNodeAdded, ABU: 0
2026-07-24 03:06:33.012: [INFO] BookmarkNodeAdded, ABU: 0
2026-07-24 03:06:33.012: [INFO] BookmarkNodeAdded, ABU: 0
2026-07-24 03:06:33.013: [INFO] BookmarkNodeAdded, ABU: 0
2026-07-24 03:06:33.014: [INFO] BookmarkNodeAdded, ABU: 0
2026-07-24 03:06:33.015: [INFO] BookmarkNodeAdded, ABU: 0
2026-07-24 03:06:33.015: [INFO] BookmarkNodeAdded, ABU: 0
2026-07-24 03:06:33.016: [INFO] BookmarkNodeAdded, ABU: 0
2026-07-24 03:06:33.017: [INFO] BookmarkNodeAdded, ABU: 0
2026-07-24 03:06:33.018: [INFO] BookmarkNodeAdded, ABU: 0
2026-07-24 03:06:33.019: [INFO] BookmarkNodeAdded, ABU: 0
2026-07-24 03:06:33.019: [INFO] BookmarkNodeAdded, ABU: 0
2026-07-24 03:06:33.020: [INFO] BookmarkNodeAdded, ABU: 0
2026-07-24 03:06:33.021: [INFO] BookmarkNodeAdded, ABU: 0
2026-07-24 03:06:33.021: [INFO] BookmarkNodeAdded, ABU: 0
2026-07-24 03:06:33.022: [INFO] BookmarkNodeAdded, ABU: 0
2026-07-24 03:06:33.022: [INFO] BookmarkNodeAdded, ABU: 0
2026-07-24 03:06:33.023: [INFO] BookmarkNodeAdded, ABU: 0
2026-07-24 03:06:33.023: [INFO] BookmarkNodeAdded, ABU: 0
2026-07-24 03:06:33.024: [INFO] BookmarkNodeAdded, ABU: 0
2026-07-24 03:06:33.024: [INFO] BookmarkNodeAdded, ABU: 0
2026-07-24 03:06:33.025: [INFO] BookmarkNodeAdded, ABU: 0
2026-07-24 03:06:33.025: [INFO] BookmarkNodeAdded, ABU: 0
2026-07-24 03:06:33.026: [INFO] BookmarkNodeAdded, ABU: 0
2026-07-24 03:06:33.026: [INFO] BookmarkNodeAdded, ABU: 0
2026-07-24 03:06:33.027: [INFO] BookmarkNodeAdded, ABU: 0
2026-07-24 03:06:33.027: [INFO] BookmarkNodeAdded, ABU: 0
2026-07-24 03:06:33.028: [INFO] BookmarkNodeAdded, ABU: 0
2026-07-24 03:06:33.028: [INFO] BookmarkNodeAdded, ABU: 0
2026-07-24 03:06:33.029: [INFO] BookmarkNodeAdded, ABU: 0
2026-07-24 03:06:33.029: [INFO] BookmarkNodeAdded, ABU: 0
2026-07-24 03:06:33.030: [INFO] BookmarkNodeAdded, ABU: 0
2026-07-24 03:06:33.030: [INFO] BookmarkNodeAdded, ABU: 0
2026-07-24 03:06:33.031: [INFO] BookmarkNodeAdded, ABU: 0
2026-07-24 03:06:33.032: [INFO] BookmarkNodeAdded, ABU: 0
2026-07-24 03:06:33.032: [INFO] BookmarkNodeAdded, ABU: 0
2026-07-24 03:06:33.033: [INFO] BookmarkNodeAdded, ABU: 0
2026-07-24 03:06:33.033: [INFO] BookmarkNodeAdded, ABU: 0
2026-07-24 03:06:33.034: [INFO] BookmarkNodeAdded, ABU: 0
2026-07-24 03:06:33.034: [INFO] BookmarkNodeAdded, ABU: 0
2026-07-24 03:06:33.035: [INFO] BookmarkNodeAdded, ABU: 0
2026-07-24 03:06:33.036: [INFO] BookmarkNodeAdded, ABU: 0
2026-07-24 03:06:33.036: [INFO] BookmarkNodeAdded, ABU: 0
2026-07-24 03:06:33.037: [INFO] BookmarkNodeAdded, ABU: 0
2026-07-24 03:06:33.037: [INFO] BookmarkNodeAdded, ABU: 0
2026-07-24 03:06:33.038: [INFO] BookmarkNodeAdded, ABU: 0
2026-07-24 03:06:33.038: [INFO] BookmarkNodeAdded, ABU: 0
2026-07-24 03:06:33.039: [INFO] BookmarkNodeAdded, ABU: 0
2026-07-24 03:06:33.040: [INFO] BookmarkNodeAdded, ABU: 0
2026-07-24 03:06:33.040: [INFO] BookmarkNodeAdded, ABU: 0
2026-07-24 03:06:33.041: [INFO] BookmarkNodeAdded, ABU: 0
2026-07-24 03:06:33.041: [INFO] BookmarkNodeAdded, ABU: 0
2026-07-24 03:06:33.041: [INFO] BookmarkNodeAdded, ABU: 0
2026-07-24 03:06:33.042: [INFO] BookmarkNodeAdded, ABU: 0
2026-07-24 03:06:33.043: [INFO] BookmarkNodeAdded, ABU: 0
2026-07-24 03:06:33.043: [INFO] BookmarkNodeAdded, ABU: 0
2026-07-24 03:06:33.044: [INFO] BookmarkNodeAdded, ABU: 0
2026-07-24 03:06:33.045: [INFO] BookmarkNodeAdded, ABU: 0
2026-07-24 03:06:33.046: [INFO] BookmarkNodeAdded, ABU: 0
2026-07-24 03:06:33.046: [INFO] BookmarkNodeAdded, ABU: 0
2026-07-24 03:06:33.047: [INFO] BookmarkNodeAdded, ABU: 0
2026-07-24 03:06:33.048: [INFO] BookmarkNodeAdded, ABU: 0
2026-07-24 03:06:33.049: [INFO] BookmarkNodeAdded, ABU: 0
2026-07-24 03:06:33.050: [INFO] BookmarkNodeAdded, ABU: 0
2026-07-24 03:06:33.050: [INFO] BookmarkNodeAdded, ABU: 0
2026-07-24 03:06:33.051: [INFO] BookmarkNodeAdded, ABU: 0
2026-07-24 03:06:33.051: [INFO] BookmarkNodeAdded, ABU: 0
2026-07-24 03:06:33.052: [INFO] BookmarkNodeAdded, ABU: 0
2026-07-24 03:06:33.052: [INFO] BookmarkNodeAdded, ABU: 0
2026-07-24 03:06:33.053: [INFO] BookmarkNodeAdded, ABU: 0
2026-07-24 03:06:33.053: [INFO] BookmarkNodeAdded, ABU: 0
2026-07-24 03:06:33.054: [INFO] BookmarkNodeAdded, ABU: 0
2026-07-24 03:06:33.054: [INFO] BookmarkNodeAdded, ABU: 0
2026-07-24 03:06:33.054: [INFO] BookmarkNodeAdded, ABU: 0
2026-07-24 03:06:33.055: [INFO] BookmarkNodeAdded, ABU: 0
2026-07-24 03:06:33.055: [INFO] BookmarkNodeAdded, ABU: 0
2026-07-24 03:06:33.056: [INFO] BookmarkNodeAdded, ABU: 0
2026-07-24 03:06:33.057: [INFO] BookmarkNodeAdded, ABU: 0
2026-07-24 03:06:33.057: [INFO] BookmarkNodeAdded, ABU: 0
2026-07-24 03:06:33.058: [INFO] BookmarkNodeAdded, ABU: 0
2026-07-24 03:06:33.059: [INFO] BookmarkNodeAdded, ABU: 0
2026-07-24 03:06:33.060: [INFO] BookmarkNodeAdded, ABU: 0
2026-07-24 03:06:33.060: [INFO] BookmarkNodeAdded, ABU: 0
2026-07-24 03:06:33.061: [INFO] BookmarkNodeAdded, ABU: 0
2026-07-24 03:06:33.061: [INFO] BookmarkNodeAdded, ABU: 0
2026-07-24 03:06:33.061: [INFO] BookmarkNodeAdded, ABU: 0
2026-07-24 03:06:33.062: [INFO] BookmarkNodeAdded, ABU: 0
2026-07-24 03:06:33.062: [INFO] BookmarkNodeAdded, ABU: 0
2026-07-24 03:06:33.063: [INFO] BookmarkNodeAdded, ABU: 0
2026-07-24 03:06:33.064: [INFO] BookmarkNodeAdded, ABU: 0
2026-07-24 03:06:33.065: [INFO] BookmarkNodeAdded, ABU: 0
2026-07-24 03:06:33.065: [INFO] BookmarkNodeAdded, ABU: 0
2026-07-24 03:06:33.066: [INFO] BookmarkNodeAdded, ABU: 0
2026-07-24 03:06:33.067: [INFO] BookmarkNodeAdded, ABU: 0
2026-07-24 03:06:33.067: [INFO] BookmarkNodeAdded, ABU: 0
2026-07-24 03:06:33.068: [INFO] BookmarkNodeAdded, ABU: 0
2026-07-24 03:06:33.069: [INFO] BookmarkNodeAdded, ABU: 0
2026-07-24 03:06:33.070: [INFO] BookmarkNodeAdded, ABU: 0
2026-07-24 03:06:33.070: [INFO] BookmarkNodeAdded, ABU: 0
2026-07-24 03:06:33.071: [INFO] BookmarkNodeAdded, ABU: 0
2026-07-24 03:06:33.072: [INFO] BookmarkNodeAdded, ABU: 0
2026-07-24 03:06:33.072: [INFO] BookmarkNodeAdded, ABU: 0
2026-07-24 03:06:33.072: [INFO] BookmarkNodeAdded, ABU: 0
2026-07-24 03:06:33.073: [INFO] BookmarkNodeAdded, ABU: 0
2026-07-24 03:06:33.074: [INFO] BookmarkNodeAdded, ABU: 0
2026-07-24 03:06:33.074: [INFO] BookmarkNodeAdded, ABU: 0
2026-07-24 03:06:33.074: [INFO] BookmarkNodeAdded, ABU: 0
2026-07-24 03:06:33.075: [INFO] BookmarkNodeAdded, ABU: 0
2026-07-24 03:06:33.075: [INFO] BookmarkNodeAdded, ABU: 0
2026-07-24 03:06:33.076: [INFO] BookmarkNodeAdded, ABU: 0
2026-07-24 03:06:33.076: [INFO] BookmarkNodeAdded, ABU: 0
2026-07-24 03:06:33.076: [INFO] BookmarkNodeAdded, ABU: 0
2026-07-24 03:06:33.077: [INFO] BookmarkNodeAdded, ABU: 0
2026-07-24 03:06:33.078: [INFO] BookmarkNodeAdded, ABU: 0
2026-07-24 03:06:33.078: [INFO] BookmarkNodeAdded, ABU: 0
2026-07-24 03:06:33.078: [INFO] BookmarkNodeAdded, ABU: 0
2026-07-24 03:06:33.079: [INFO] BookmarkNodeAdded, ABU: 0
2026-07-24 03:06:33.079: [INFO] BookmarkNodeAdded, ABU: 0
2026-07-24 03:06:33.080: [INFO] BookmarkNodeAdded, ABU: 0
2026-07-24 03:06:33.081: [INFO] BookmarkNodeAdded, ABU: 0
2026-07-24 03:06:33.081: [INFO] BookmarkNodeAdded, ABU: 0
2026-07-24 03:06:33.082: [INFO] BookmarkNodeAdded, ABU: 0
2026-07-24 03:06:33.083: [INFO] BookmarkNodeAdded, ABU: 0
2026-07-24 03:06:33.083: [INFO] BookmarkNodeAdded, ABU: 0
2026-07-24 03:06:33.084: [INFO] BookmarkNodeAdded, ABU: 0
2026-07-24 03:06:33.085: [INFO] BookmarkNodeAdded, ABU: 0
2026-07-24 03:06:33.085: [INFO] BookmarkNodeAdded, ABU: 0
2026-07-24 03:06:33.086: [INFO] BookmarkNodeAdded, ABU: 0
2026-07-24 03:06:33.086: [INFO] BookmarkNodeAdded, ABU: 0
2026-07-24 03:06:33.087: [INFO] BookmarkNodeAdded, ABU: 0
2026-07-24 03:06:33.088: [INFO] BookmarkNodeAdded, ABU: 0
2026-07-24 03:06:33.089: [INFO] BookmarkNodeAdded, ABU: 0
2026-07-24 03:06:33.089: [INFO] BookmarkNodeAdded, ABU: 0
2026-07-24 03:06:33.090: [INFO] BookmarkNodeAdded, ABU: 0
2026-07-24 03:06:33.090: [INFO] BookmarkNodeAdded, ABU: 0
2026-07-24 03:06:33.091: [INFO] BookmarkNodeAdded, ABU: 0
2026-07-24 03:06:33.091: [INFO] BookmarkNodeAdded, ABU: 0
2026-07-24 03:06:33.092: [INFO] BookmarkNodeAdded, ABU: 0
2026-07-24 03:06:33.092: [INFO] BookmarkNodeAdded, ABU: 0
2026-07-24 03:06:33.093: [INFO] BookmarkNodeAdded, ABU: 0
2026-07-24 03:06:33.094: [INFO] BookmarkNodeAdded, ABU: 0
2026-07-24 03:06:33.095: [INFO] BookmarkNodeAdded, ABU: 0
2026-07-24 03:06:33.096: [INFO] BookmarkNodeAdded, ABU: 0
2026-07-24 03:06:33.097: [INFO] BookmarkNodeAdded, ABU: 0
2026-07-24 03:06:33.097: [INFO] BookmarkNodeAdded, ABU: 0
2026-07-24 03:06:33.098: [INFO] BookmarkNodeAdded, ABU: 0
2026-07-24 03:06:33.098: [INFO] BookmarkNodeAdded, ABU: 0
2026-07-24 03:06:33.099: [INFO] BookmarkNodeAdded, ABU: 0
2026-07-24 03:06:33.099: [INFO] BookmarkNodeAdded, ABU: 0
2026-07-24 03:06:33.100: [INFO] BookmarkNodeAdded, ABU: 0
2026-07-24 03:06:33.100: [INFO] BookmarkNodeAdded, ABU: 0
2026-07-24 03:06:33.101: [INFO] BookmarkNodeAdded, ABU: 0
2026-07-24 03:06:33.102: [INFO] BookmarkNodeAdded, ABU: 0
2026-07-24 03:06:33.102: [INFO] BookmarkNodeAdded, ABU: 0
2026-07-24 03:06:33.102: [INFO] BookmarkNodeAdded, ABU: 0
2026-07-24 03:06:33.103: [INFO] BookmarkNodeAdded, ABU: 0
2026-07-24 03:06:33.103: [INFO] BookmarkNodeAdded, ABU: 0
2026-07-24 03:06:33.104: [INFO] BookmarkNodeAdded, ABU: 0
2026-07-24 03:06:33.105: [INFO] BookmarkNodeAdded, ABU: 0
2026-07-24 03:06:33.105: [INFO] BookmarkNodeAdded, ABU: 0
2026-07-24 03:06:33.105: [INFO] BookmarkNodeAdded, ABU: 0
2026-07-24 03:06:33.106: [INFO] BookmarkNodeAdded, ABU: 0
2026-07-24 03:06:33.106: [INFO] BookmarkNodeAdded, ABU: 0
2026-07-24 03:06:33.107: [INFO] BookmarkNodeAdded, ABU: 0
2026-07-24 03:06:33.108: [INFO] BookmarkNodeAdded, ABU: 0
2026-07-24 03:06:33.108: [INFO] BookmarkNodeAdded, ABU: 0
2026-07-24 03:06:33.109: [INFO] BookmarkNodeAdded, ABU: 0
2026-07-24 03:06:33.109: [INFO] BookmarkNodeAdded, ABU: 0
2026-07-24 03:06:33.110: [INFO] BookmarkNodeAdded, ABU: 0
2026-07-24 03:06:33.111: [INFO] BookmarkNodeAdded, ABU: 0
2026-07-24 03:06:33.111: [INFO] BookmarkNodeAdded, ABU: 0
2026-07-24 03:06:33.111: [INFO] BookmarkNodeAdded, ABU: 0
2026-07-24 03:06:33.112: [INFO] BookmarkNodeAdded, ABU: 0
2026-07-24 03:06:33.112: [INFO] BookmarkNodeAdded, ABU: 0
2026-07-24 03:06:33.113: [INFO] BookmarkNodeAdded, ABU: 0
2026-07-24 03:06:33.114: [INFO] BookmarkNodeAdded, ABU: 0
2026-07-24 03:06:33.114: [INFO] BookmarkNodeAdded, ABU: 0
2026-07-24 03:06:33.114: [INFO] BookmarkNodeAdded, ABU: 0
2026-07-24 03:06:33.115: [INFO] BookmarkNodeAdded, ABU: 0
2026-07-24 03:06:33.115: [INFO] BookmarkNodeAdded, ABU: 0
2026-07-24 03:06:33.116: [INFO] BookmarkNodeAdded, ABU: 0
2026-07-24 03:06:33.117: [INFO] BookmarkNodeAdded, ABU: 0
2026-07-24 03:06:33.117: [INFO] BookmarkNodeAdded, ABU: 0
2026-07-24 03:06:33.118: [INFO] BookmarkNodeAdded, ABU: 0
2026-07-24 03:06:33.118: [INFO] BookmarkNodeAdded, ABU: 0
2026-07-24 03:06:33.119: [INFO] BookmarkNodeAdded, ABU: 0
2026-07-24 03:06:33.120: [INFO] BookmarkNodeAdded, ABU: 0
2026-07-24 03:06:33.120: [INFO] BookmarkNodeAdded, ABU: 0
2026-07-24 03:06:33.121: [INFO] BookmarkNodeAdded, ABU: 0
2026-07-24 03:06:33.122: [INFO] BookmarkNodeAdded, ABU: 0
2026-07-24 03:06:33.122: [INFO] BookmarkNodeAdded, ABU: 0
2026-07-24 03:06:33.123: [INFO] BookmarkNodeAdded, ABU: 0
2026-07-24 03:06:33.123: [INFO] BookmarkNodeAdded, ABU: 0
2026-07-24 03:06:33.124: [INFO] BookmarkNodeAdded, ABU: 0
2026-07-24 03:06:33.125: [INFO] BookmarkNodeAdded, ABU: 0
2026-07-24 03:06:33.125: [INFO] BookmarkNodeAdded, ABU: 0
2026-07-24 03:06:33.126: [INFO] BookmarkNodeAdded, ABU: 0
2026-07-24 03:06:33.127: [INFO] BookmarkNodeAdded, ABU: 0
2026-07-24 03:06:33.127: [INFO] BookmarkNodeAdded, ABU: 0
2026-07-24 03:06:33.128: [INFO] BookmarkNodeAdded, ABU: 0
2026-07-24 03:06:33.129: [INFO] BookmarkNodeAdded, ABU: 0
2026-07-24 03:06:33.129: [INFO] BookmarkNodeAdded, ABU: 0
2026-07-24 03:06:33.130: [INFO] BookmarkNodeAdded, ABU: 0
2026-07-24 03:06:33.130: [INFO] BookmarkNodeAdded, ABU: 0
2026-07-24 03:06:33.131: [INFO] BookmarkNodeAdded, ABU: 0
2026-07-24 03:06:33.132: [INFO] BookmarkNodeAdded, ABU: 0
2026-07-24 03:06:33.132: [INFO] BookmarkNodeAdded, ABU: 0
2026-07-24 03:06:33.133: [INFO] BookmarkNodeAdded, ABU: 0
2026-07-24 03:06:33.134: [INFO] BookmarkNodeAdded, ABU: 0
2026-07-24 03:06:33.134: [INFO] BookmarkNodeAdded, ABU: 0
2026-07-24 03:06:33.135: [INFO] BookmarkNodeAdded, ABU: 0
2026-07-24 03:06:33.135: [INFO] BookmarkNodeAdded, ABU: 0
2026-07-24 03:06:33.136: [INFO] BookmarkNodeAdded, ABU: 0
2026-07-24 03:06:33.137: [INFO] BookmarkNodeAdded, ABU: 0
2026-07-24 03:06:33.137: [INFO] BookmarkNodeAdded, ABU: 0
2026-07-24 03:06:33.138: [INFO] BookmarkNodeAdded, ABU: 0
2026-07-24 03:06:33.139: [INFO] BookmarkNodeAdded, ABU: 0
2026-07-24 03:06:33.139: [INFO] BookmarkNodeAdded, ABU: 0
2026-07-24 03:06:33.140: [INFO] BookmarkNodeAdded, ABU: 0
2026-07-24 03:06:33.140: [INFO] BookmarkNodeAdded, ABU: 0
2026-07-24 03:06:33.141: [INFO] BookmarkNodeAdded, ABU: 0
2026-07-24 03:06:33.142: [INFO] BookmarkNodeAdded, ABU: 0
2026-07-24 03:06:33.142: [INFO] BookmarkNodeAdded, ABU: 0
2026-07-24 03:06:33.143: [INFO] BookmarkNodeAdded, ABU: 0
2026-07-24 03:06:33.144: [INFO] BookmarkNodeAdded, ABU: 0
2026-07-24 03:06:33.145: [INFO] BookmarkNodeAdded, ABU: 0
2026-07-24 03:06:33.146: [INFO] BookmarkNodeAdded, ABU: 0
2026-07-24 03:06:33.146: [INFO] BookmarkNodeAdded, ABU: 0
2026-07-24 03:06:33.147: [INFO] BookmarkNodeAdded, ABU: 0
2026-07-24 03:06:33.148: [INFO] BookmarkNodeAdded, ABU: 0
2026-07-24 03:06:33.148: [INFO] BookmarkNodeAdded, ABU: 0
2026-07-24 03:06:33.149: [INFO] BookmarkNodeAdded, ABU: 0
2026-07-24 03:06:33.150: [INFO] BookmarkNodeAdded, ABU: 0
2026-07-24 03:06:33.150: [INFO] BookmarkNodeAdded, ABU: 0
2026-07-24 03:06:33.151: [INFO] BookmarkNodeAdded, ABU: 0
2026-07-24 03:06:33.152: [INFO] BookmarkNodeAdded, ABU: 0
2026-07-24 03:06:33.152: [INFO] BookmarkNodeAdded, ABU: 0
2026-07-24 03:06:33.153: [INFO] BookmarkNodeAdded, ABU: 0
2026-07-24 03:06:33.153: [INFO] BookmarkNodeAdded, ABU: 0
2026-07-24 03:06:33.154: [INFO] BookmarkNodeAdded, ABU: 0
2026-07-24 03:06:33.155: [INFO] BookmarkNodeAdded, ABU: 0
2026-07-24 03:06:33.156: [INFO] BookmarkNodeAdded, ABU: 0
2026-07-24 03:06:33.156: [INFO] BookmarkNodeAdded, ABU: 0
2026-07-24 03:06:33.157: [INFO] BookmarkNodeAdded, ABU: 0
2026-07-24 03:06:33.158: [INFO] BookmarkNodeAdded, ABU: 0
2026-07-24 03:06:33.158: [INFO] BookmarkNodeAdded, ABU: 0
2026-07-24 03:06:33.159: [INFO] BookmarkNodeAdded, ABU: 0
2026-07-24 03:06:33.160: [INFO] BookmarkNodeAdded, ABU: 0
2026-07-24 03:06:33.160: [INFO] BookmarkNodeAdded, ABU: 0
2026-07-24 03:06:33.161: [INFO] BookmarkNodeAdded, ABU: 0
2026-07-24 03:06:33.162: [INFO] BookmarkNodeAdded, ABU: 0
2026-07-24 03:06:33.162: [INFO] BookmarkNodeAdded, ABU: 0
2026-07-24 03:06:33.163: [INFO] BookmarkNodeAdded, ABU: 0
2026-07-24 03:06:33.163: [INFO] BookmarkNodeAdded, ABU: 0
2026-07-24 03:06:33.164: [INFO] BookmarkNodeAdded, ABU: 0
2026-07-24 03:06:33.165: [INFO] BookmarkNodeAdded, ABU: 0
2026-07-24 03:06:33.166: [INFO] BookmarkNodeAdded, ABU: 0
2026-07-24 03:06:33.166: [INFO] BookmarkNodeAdded, ABU: 0
2026-07-24 03:06:33.167: [INFO] BookmarkNodeAdded, ABU: 0
2026-07-24 03:06:33.167: [INFO] BookmarkNodeAdded, ABU: 0
2026-07-24 03:06:33.168: [INFO] BookmarkNodeAdded, ABU: 0
2026-07-24 03:06:33.169: [INFO] BookmarkNodeAdded, ABU: 0
2026-07-24 03:06:33.169: [INFO] BookmarkNodeAdded, ABU: 0
2026-07-24 03:06:33.170: [INFO] BookmarkNodeAdded, ABU: 0
2026-07-24 03:06:33.171: [INFO] BookmarkNodeAdded, ABU: 0
2026-07-24 03:06:33.171: [INFO] BookmarkNodeAdded, ABU: 0
2026-07-24 03:06:33.172: [INFO] BookmarkNodeAdded, ABU: 0
2026-07-24 03:06:33.172: [INFO] BookmarkNodeAdded, ABU: 0
2026-07-24 03:06:33.173: [INFO] BookmarkNodeAdded, ABU: 0
2026-07-24 03:06:33.174: [INFO] BookmarkNodeAdded, ABU: 0
2026-07-24 03:06:33.174: [INFO] BookmarkNodeAdded, ABU: 0
2026-07-24 03:06:33.175: [INFO] BookmarkNodeAdded, ABU: 0
2026-07-24 03:06:33.176: [INFO] BookmarkNodeAdded, ABU: 0
2026-07-24 03:06:33.176: [INFO] BookmarkNodeAdded, ABU: 0
2026-07-24 03:06:33.177: [INFO] BookmarkNodeAdded, ABU: 0
2026-07-24 03:06:33.178: [INFO] BookmarkNodeAdded, ABU: 0
2026-07-24 03:06:33.178: [INFO] BookmarkNodeAdded, ABU: 0
2026-07-24 03:06:33.179: [INFO] BookmarkNodeAdded, ABU: 0
2026-07-24 03:06:33.179: [INFO] BookmarkNodeAdded, ABU: 0
2026-07-24 03:06:33.179: [INFO] BookmarkNodeAdded, ABU: 0
2026-07-24 03:06:33.180: [INFO] BookmarkNodeAdded, ABU: 0
2026-07-24 03:06:33.181: [INFO] BookmarkNodeAdded, ABU: 0
2026-07-24 03:06:33.181: [INFO] BookmarkNodeAdded, ABU: 0
2026-07-24 03:06:33.182: [INFO] BookmarkNodeAdded, ABU: 0
2026-07-24 03:06:33.183: [INFO] BookmarkNodeAdded, ABU: 0
2026-07-24 03:06:33.183: [INFO] BookmarkNodeAdded, ABU: 0
2026-07-24 03:06:33.183: [INFO] BookmarkNodeAdded, ABU: 0
2026-07-24 03:06:33.184: [INFO] BookmarkNodeAdded, ABU: 0
2026-07-24 03:06:33.184: [INFO] BookmarkNodeAdded, ABU: 0
2026-07-24 03:06:33.185: [INFO] BookmarkNodeAdded, ABU: 0
2026-07-24 03:06:33.186: [INFO] BookmarkNodeAdded, ABU: 0
2026-07-24 03:06:33.186: [INFO] BookmarkNodeAdded, ABU: 0
2026-07-24 03:06:33.187: [INFO] BookmarkNodeAdded, ABU: 0
2026-07-24 03:06:33.188: [INFO] BookmarkNodeAdded, ABU: 0
2026-07-24 03:06:33.188: [INFO] BookmarkNodeAdded, ABU: 0
2026-07-24 03:06:33.189: [INFO] BookmarkNodeAdded, ABU: 0
2026-07-24 03:06:33.189: [INFO] BookmarkNodeAdded, ABU: 0
2026-07-24 03:06:33.190: [INFO] BookmarkNodeAdded, ABU: 0
2026-07-24 03:06:33.191: [INFO] BookmarkNodeAdded, ABU: 0
2026-07-24 03:06:33.191: [INFO] BookmarkNodeAdded, ABU: 0
2026-07-24 03:06:33.192: [INFO] BookmarkNodeAdded, ABU: 0
2026-07-24 03:06:33.192: [INFO] BookmarkNodeAdded, ABU: 0
2026-07-24 03:06:33.193: [INFO] BookmarkNodeAdded, ABU: 0
2026-07-24 03:06:33.193: [INFO] BookmarkNodeAdded, ABU: 0
2026-07-24 03:06:33.194: [INFO] BookmarkNodeAdded, ABU: 0
2026-07-24 03:06:33.195: [INFO] BookmarkNodeAdded, ABU: 0
2026-07-24 03:06:33.195: [INFO] BookmarkNodeAdded, ABU: 0
2026-07-24 03:06:33.196: [INFO] BookmarkNodeAdded, ABU: 0
2026-07-24 03:06:33.196: [INFO] BookmarkNodeAdded, ABU: 0
2026-07-24 03:06:33.197: [INFO] BookmarkNodeAdded, ABU: 0
2026-07-24 03:06:33.197: [INFO] BookmarkNodeAdded, ABU: 0
2026-07-24 03:06:33.198: [INFO] BookmarkNodeAdded, ABU: 0
2026-07-24 03:06:33.198: [INFO] BookmarkNodeAdded, ABU: 0
2026-07-24 03:06:33.199: [INFO] BookmarkNodeAdded, ABU: 0
2026-07-24 03:06:33.199: [INFO] BookmarkNodeAdded, ABU: 0
2026-07-24 03:06:33.200: [INFO] BookmarkNodeAdded, ABU: 0
2026-07-24 03:06:33.201: [INFO] BookmarkNodeAdded, ABU: 0
2026-07-24 03:06:33.201: [INFO] BookmarkNodeAdded, ABU: 0
2026-07-24 03:06:33.226: [INFO] VisibilityChanged: 1
2026-07-24 03:07:17.238: [INFO] Sync initialization duration: 117145ms
