{"logTime": "0724/030552", "correlationVector":"AB4u6fsZKbyf+9Y/4HGYL6.3","action":"GetUpdates Response", "result":"Success", "context":Received 250 update(s). cV=AB4u6fsZKbyf+9Y/4HGYL6.0;server=akswtt002000013;cloudType=Consumer;environment=Prod_southeastasia_prod-s01-065-apac-southeastasia;migrationStage=NotStarted Some updates remain.}
{"logTime": "0724/030552", "correlationVector":"IVD5l6zzmCfY4aqLRd0Gb1","action":"Initial GetUpdates", "result":"", "context":Reason: NEWLY_SUPPORTED_DATATYPE. cV=IVD5l6zzmCfY4aqLRd0Gb1}
{"logTime": "0724/030556", "correlationVector":"IVD5l6zzmCfY4aqLRd0Gb1.1","action":"SyncServerConnectionManagerRequest", "result":"SYNC_SERVER_OK", "context":{"environment":"Prod_southeastasia_prod-s01-065-apac-southeastasia", "migrationStage":"NotStarted", "server":"akswtt00200000f"}}
{"logTime": "0724/030556", "correlationVector":"IVD5l6zzmCfY4aqLRd0Gb1.2","action":"ProcessGetUpdates", "result":"Done", "context":{"dataType":"Autofill", "deleted":"0", "process_failed_to_decrypt":"0", "process_pending_decryption":"0", "process_success":"250", "total":"250"}}
{"logTime": "0724/030556", "correlationVector":"IVD5l6zzmCfY4aqLRd0Gb1.3","action":"GetUpdates Response", "result":"Success", "context":Received 250 update(s). cV=IVD5l6zzmCfY4aqLRd0Gb1.0;server=akswtt00200000f;cloudType=Consumer;environment=Prod_southeastasia_prod-s01-065-apac-southeastasia;migrationStage=NotStarted Some updates remain.}
{"logTime": "0724/030556", "correlationVector":"FpdQPj4FzyrQ0xMxhwMJzn","action":"Initial GetUpdates", "result":"", "context":Reason: NEWLY_SUPPORTED_DATATYPE. cV=FpdQPj4FzyrQ0xMxhwMJzn}
{"logTime": "0724/030557", "correlationVector":"FpdQPj4FzyrQ0xMxhwMJzn.1","action":"SyncServerConnectionManagerRequest", "result":"SYNC_SERVER_OK", "context":{"environment":"Prod_southeastasia_prod-s01-065-apac-southeastasia", "migrationStage":"NotStarted", "server":"akswtt00200000h"}}
{"logTime": "0724/030557", "correlationVector":"FpdQPj4FzyrQ0xMxhwMJzn.2","action":"ProcessGetUpdates", "result":"Done", "context":{"dataType":"Autofill", "deleted":"0", "process_failed_to_decrypt":"0", "process_pending_decryption":"0", "process_success":"250", "total":"250"}}
{"logTime": "0724/030557", "correlationVector":"FpdQPj4FzyrQ0xMxhwMJzn.3","action":"GetUpdates Response", "result":"Success", "context":Received 250 update(s). cV=FpdQPj4FzyrQ0xMxhwMJzn.0;server=akswtt00200000h;cloudType=Consumer;environment=Prod_southeastasia_prod-s01-065-apac-southeastasia;migrationStage=NotStarted Some updates remain.}
{"logTime": "0724/030557", "correlationVector":"LEXKua8ToZfHwTaomj+jH7","action":"Initial GetUpdates", "result":"", "context":Reason: NEWLY_SUPPORTED_DATATYPE. cV=LEXKua8ToZfHwTaomj+jH7}
{"logTime": "0724/030559", "correlationVector":"LEXKua8ToZfHwTaomj+jH7.1","action":"SyncServerConnectionManagerRequest", "result":"SYNC_SERVER_OK", "context":{"environment":"Prod_southeastasia_prod-s01-065-apac-southeastasia", "migrationStage":"NotStarted", "server":"akswtt00200001q"}}
{"logTime": "0724/030559", "correlationVector":"LEXKua8ToZfHwTaomj+jH7.2","action":"ProcessGetUpdates", "result":"Done", "context":{"dataType":"Autofill", "deleted":"0", "process_failed_to_decrypt":"0", "process_pending_decryption":"0", "process_success":"250", "total":"250"}}
{"logTime": "0724/030559", "correlationVector":"LEXKua8ToZfHwTaomj+jH7.3","action":"GetUpdates Response", "result":"Success", "context":Received 250 update(s). cV=LEXKua8ToZfHwTaomj+jH7.0;server=akswtt00200001q;cloudType=Consumer;environment=Prod_southeastasia_prod-s01-065-apac-southeastasia;migrationStage=NotStarted Some updates remain.}
{"logTime": "0724/030559", "correlationVector":"hhAtuqLfMfrqNPqXH6NjRT","action":"Initial GetUpdates", "result":"", "context":Reason: NEWLY_SUPPORTED_DATATYPE. cV=hhAtuqLfMfrqNPqXH6NjRT}
{"logTime": "0724/030602", "correlationVector":"hhAtuqLfMfrqNPqXH6NjRT.1","action":"SyncServerConnectionManagerRequest", "result":"SYNC_SERVER_OK", "context":{"environment":"Prod_southeastasia_prod-s01-065-apac-southeastasia", "migrationStage":"NotStarted", "server":"akswtt00200001h"}}
{"logTime": "0724/030602", "correlationVector":"hhAtuqLfMfrqNPqXH6NjRT.2","action":"ProcessGetUpdates", "result":"Done", "context":{"dataType":"Autofill", "deleted":"0", "process_failed_to_decrypt":"0", "process_pending_decryption":"0", "process_success":"250", "total":"250"}}
{"logTime": "0724/030602", "correlationVector":"hhAtuqLfMfrqNPqXH6NjRT.3","action":"GetUpdates Response", "result":"Success", "context":Received 250 update(s). cV=hhAtuqLfMfrqNPqXH6NjRT.0;server=akswtt00200001h;cloudType=Consumer;environment=Prod_southeastasia_prod-s01-065-apac-southeastasia;migrationStage=NotStarted Some updates remain.}
{"logTime": "0724/030602", "correlationVector":"pUGhx34odaKy1zpSe5p7WR","action":"Initial GetUpdates", "result":"", "context":Reason: NEWLY_SUPPORTED_DATATYPE. cV=pUGhx34odaKy1zpSe5p7WR}
{"logTime": "0724/030603", "correlationVector":"pUGhx34odaKy1zpSe5p7WR.1","action":"SyncServerConnectionManagerRequest", "result":"SYNC_SERVER_OK", "context":{"environment":"Prod_southeastasia_prod-s01-065-apac-southeastasia", "migrationStage":"NotStarted", "server":"akswtt00200000a"}}
{"logTime": "0724/030603", "correlationVector":"pUGhx34odaKy1zpSe5p7WR.2","action":"ProcessGetUpdates", "result":"Done", "context":{"dataType":"Autofill", "deleted":"0", "process_failed_to_decrypt":"0", "process_pending_decryption":"0", "process_success":"250", "total":"250"}}
{"logTime": "0724/030603", "correlationVector":"pUGhx34odaKy1zpSe5p7WR.3","action":"GetUpdates Response", "result":"Success", "context":Received 250 update(s). cV=pUGhx34odaKy1zpSe5p7WR.0;server=akswtt00200000a;cloudType=Consumer;environment=Prod_southeastasia_prod-s01-065-apac-southeastasia;migrationStage=NotStarted Some updates remain.}
{"logTime": "0724/030603", "correlationVector":"wvyEdhgPI+NCkqJnM/N9I+","action":"Initial GetUpdates", "result":"", "context":Reason: NEWLY_SUPPORTED_DATATYPE. cV=wvyEdhgPI+NCkqJnM/N9I+}
{"logTime": "0724/030604", "correlationVector":"wvyEdhgPI+NCkqJnM/N9I+.1","action":"SyncServerConnectionManagerRequest", "result":"SYNC_SERVER_OK", "context":{"environment":"Prod_southeastasia_prod-s01-065-apac-southeastasia", "migrationStage":"NotStarted", "server":"akswtt00200001m"}}
{"logTime": "0724/030604", "correlationVector":"wvyEdhgPI+NCkqJnM/N9I+.2","action":"ProcessGetUpdates", "result":"Done", "context":{"dataType":"Autofill", "deleted":"0", "process_failed_to_decrypt":"0", "process_pending_decryption":"0", "process_success":"250", "total":"250"}}
{"logTime": "0724/030604", "correlationVector":"wvyEdhgPI+NCkqJnM/N9I+.3","action":"GetUpdates Response", "result":"Success", "context":Received 250 update(s). cV=wvyEdhgPI+NCkqJnM/N9I+.0;server=akswtt00200001m;cloudType=Consumer;environment=Prod_southeastasia_prod-s01-065-apac-southeastasia;migrationStage=NotStarted Some updates remain.}
{"logTime": "0724/030604", "correlationVector":"Ki02HHSLBdDQoLsxkavN5/","action":"Initial GetUpdates", "result":"", "context":Reason: NEWLY_SUPPORTED_DATATYPE. cV=Ki02HHSLBdDQoLsxkavN5/}
{"logTime": "0724/030607", "correlationVector":"Ki02HHSLBdDQoLsxkavN5/.1","action":"SyncServerConnectionManagerRequest", "result":"SYNC_SERVER_OK", "context":{"environment":"Prod_southeastasia_prod-s01-065-apac-southeastasia", "migrationStage":"NotStarted", "server":"akswtt002000016"}}
{"logTime": "0724/030607", "correlationVector":"Ki02HHSLBdDQoLsxkavN5/.2","action":"ProcessGetUpdates", "result":"Done", "context":{"dataType":"Autofill", "deleted":"0", "process_failed_to_decrypt":"0", "process_pending_decryption":"0", "process_success":"250", "total":"250"}}
{"logTime": "0724/030607", "correlationVector":"Ki02HHSLBdDQoLsxkavN5/.3","action":"GetUpdates Response", "result":"Success", "context":Received 250 update(s). cV=Ki02HHSLBdDQoLsxkavN5/.0;server=akswtt002000016;cloudType=Consumer;environment=Prod_southeastasia_prod-s01-065-apac-southeastasia;migrationStage=NotStarted Some updates remain.}
{"logTime": "0724/030607", "correlationVector":"5bnN16mGwlfb/814ZQozZZ","action":"Initial GetUpdates", "result":"", "context":Reason: NEWLY_SUPPORTED_DATATYPE. cV=5bnN16mGwlfb/814ZQozZZ}
{"logTime": "0724/030610", "correlationVector":"5bnN16mGwlfb/814ZQozZZ.1","action":"SyncServerConnectionManagerRequest", "result":"SYNC_SERVER_OK", "context":{"environment":"Prod_southeastasia_prod-s01-065-apac-southeastasia", "migrationStage":"NotStarted", "server":"akswtt002000007"}}
{"logTime": "0724/030610", "correlationVector":"5bnN16mGwlfb/814ZQozZZ.2","action":"ProcessGetUpdates", "result":"Done", "context":{"dataType":"Bookmarks", "deleted":"0", "process_failed_to_decrypt":"0", "process_pending_decryption":"0", "process_success":"2", "total":"2"}}
{"logTime": "0724/030610", "correlationVector":"5bnN16mGwlfb/814ZQozZZ.3","action":"ProcessGetUpdates", "result":"Done", "context":{"dataType":"Autofill Profiles", "deleted":"0", "process_failed_to_decrypt":"0", "process_pending_decryption":"0", "process_success":"1", "total":"1"}}
{"logTime": "0724/030610", "correlationVector":"5bnN16mGwlfb/814ZQozZZ.4","action":"ProcessGetUpdates", "result":"Done", "context":{"dataType":"Autofill", "deleted":"0", "process_failed_to_decrypt":"0", "process_pending_decryption":"0", "process_success":"69", "total":"69"}}
{"logTime": "0724/030610", "correlationVector":"5bnN16mGwlfb/814ZQozZZ.5","action":"ProcessGetUpdates", "result":"Done", "context":{"dataType":"Sessions", "deleted":"174", "process_failed_to_decrypt":"0", "process_pending_decryption":"0", "process_success":"174", "total":"174"}}
{"logTime": "0724/030610", "correlationVector":"5bnN16mGwlfb/814ZQozZZ.6","action":"ProcessGetUpdates", "result":"Done", "context":{"dataType":"Saved Tab Group", "deleted":"3", "process_failed_to_decrypt":"0", "process_pending_decryption":"0", "process_success":"3", "total":"3"}}
{"logTime": "0724/030610", "correlationVector":"5bnN16mGwlfb/814ZQozZZ.7","action":"ProcessGetUpdates", "result":"Done", "context":{"dataType":"Edge Hub App Usage", "deleted":"1", "process_failed_to_decrypt":"0", "process_pending_decryption":"0", "process_success":"1", "total":"1"}}
{"logTime": "0724/030610", "correlationVector":"5bnN16mGwlfb/814ZQozZZ.8","action":"GetUpdates Response", "result":"Success", "context":Received 250 update(s). cV=5bnN16mGwlfb/814ZQozZZ.0;server=akswtt002000007;cloudType=Consumer;environment=Prod_southeastasia_prod-s01-065-apac-southeastasia;migrationStage=NotStarted Some updates remain.}
{"logTime": "0724/030610", "correlationVector":"3Ic5pLVOhxqq+JyU0RQbJO","action":"Initial GetUpdates", "result":"", "context":Reason: NEWLY_SUPPORTED_DATATYPE. cV=3Ic5pLVOhxqq+JyU0RQbJO}
{"logTime": "0724/030611", "correlationVector":"3Ic5pLVOhxqq+JyU0RQbJO.1","action":"SyncServerConnectionManagerRequest", "result":"SYNC_SERVER_OK", "context":{"environment":"Prod_southeastasia_prod-s01-065-apac-southeastasia", "migrationStage":"NotStarted", "server":"akswtt00200000w"}}
{"logTime": "0724/030611", "correlationVector":"3Ic5pLVOhxqq+JyU0RQbJO.2","action":"ProcessGetUpdates", "result":"Done", "context":{"dataType":"Bookmarks", "deleted":"0", "process_failed_to_decrypt":"0", "process_pending_decryption":"0", "process_success":"7", "total":"7"}}
{"logTime": "0724/030611", "correlationVector":"3Ic5pLVOhxqq+JyU0RQbJO.3","action":"ProcessGetUpdates", "result":"Done", "context":{"dataType":"Preferences", "deleted":"0", "process_failed_to_decrypt":"0", "process_pending_decryption":"0", "process_success":"1", "total":"1"}}
{"logTime": "0724/030611", "correlationVector":"3Ic5pLVOhxqq+JyU0RQbJO.4","action":"ProcessGetUpdates", "result":"Done", "context":{"dataType":"Autofill Profiles", "deleted":"5", "process_failed_to_decrypt":"0", "process_pending_decryption":"0", "process_success":"5", "total":"5"}}
{"logTime": "0724/030611", "correlationVector":"3Ic5pLVOhxqq+JyU0RQbJO.5","action":"ProcessGetUpdates", "result":"Done", "context":{"dataType":"Autofill", "deleted":"0", "process_failed_to_decrypt":"0", "process_pending_decryption":"0", "process_success":"21", "total":"21"}}
{"logTime": "0724/030611", "correlationVector":"3Ic5pLVOhxqq+JyU0RQbJO.6","action":"ProcessGetUpdates", "result":"Done", "context":{"dataType":"Sessions", "deleted":"198", "process_failed_to_decrypt":"0", "process_pending_decryption":"0", "process_success":"198", "total":"198"}}
{"logTime": "0724/030611", "correlationVector":"3Ic5pLVOhxqq+JyU0RQbJO.7","action":"ProcessGetUpdates", "result":"Done", "context":{"dataType":"Saved Tab Group", "deleted":"18", "process_failed_to_decrypt":"0", "process_pending_decryption":"0", "process_success":"18", "total":"18"}}
{"logTime": "0724/030611", "correlationVector":"3Ic5pLVOhxqq+JyU0RQbJO.8","action":"GetUpdates Response", "result":"Success", "context":Received 250 update(s). cV=3Ic5pLVOhxqq+JyU0RQbJO.0;server=akswtt00200000w;cloudType=Consumer;environment=Prod_southeastasia_prod-s01-065-apac-southeastasia;migrationStage=NotStarted Some updates remain.}
{"logTime": "0724/030611", "correlationVector":"UZ9qP9NJGzugdIsm3sM9r1","action":"Initial GetUpdates", "result":"", "context":Reason: NEWLY_SUPPORTED_DATATYPE. cV=UZ9qP9NJGzugdIsm3sM9r1}
{"logTime": "0724/030613", "correlationVector":"UZ9qP9NJGzugdIsm3sM9r1.1","action":"SyncServerConnectionManagerRequest", "result":"SYNC_SERVER_OK", "context":{"environment":"Prod_southeastasia_prod-s01-065-apac-southeastasia", "migrationStage":"NotStarted", "server":"akswtt00200000n"}}
{"logTime": "0724/030613", "correlationVector":"UZ9qP9NJGzugdIsm3sM9r1.2","action":"ProcessGetUpdates", "result":"Done", "context":{"dataType":"Bookmarks", "deleted":"0", "process_failed_to_decrypt":"0", "process_pending_decryption":"0", "process_success":"1", "total":"1"}}
{"logTime": "0724/030613", "correlationVector":"UZ9qP9NJGzugdIsm3sM9r1.3","action":"ProcessGetUpdates", "result":"Done", "context":{"dataType":"Autofill Profiles", "deleted":"9", "process_failed_to_decrypt":"0", "process_pending_decryption":"0", "process_success":"9", "total":"9"}}
{"logTime": "0724/030613", "correlationVector":"UZ9qP9NJGzugdIsm3sM9r1.4","action":"ProcessGetUpdates", "result":"Done", "context":{"dataType":"Autofill", "deleted":"0", "process_failed_to_decrypt":"0", "process_pending_decryption":"0", "process_success":"21", "total":"21"}}
{"logTime": "0724/030613", "correlationVector":"UZ9qP9NJGzugdIsm3sM9r1.5","action":"ProcessGetUpdates", "result":"Done", "context":{"dataType":"Sessions", "deleted":"207", "process_failed_to_decrypt":"0", "process_pending_decryption":"0", "process_success":"207", "total":"207"}}
{"logTime": "0724/030613", "correlationVector":"UZ9qP9NJGzugdIsm3sM9r1.6","action":"ProcessGetUpdates", "result":"Done", "context":{"dataType":"Saved Tab Group", "deleted":"12", "process_failed_to_decrypt":"0", "process_pending_decryption":"0", "process_success":"12", "total":"12"}}
{"logTime": "0724/030613", "correlationVector":"UZ9qP9NJGzugdIsm3sM9r1.7","action":"GetUpdates Response", "result":"Success", "context":Received 250 update(s). cV=UZ9qP9NJGzugdIsm3sM9r1.0;server=akswtt00200000n;cloudType=Consumer;environment=Prod_southeastasia_prod-s01-065-apac-southeastasia;migrationStage=NotStarted Some updates remain.}
{"logTime": "0724/030613", "correlationVector":"/+b9ZXc99z1WEixSErh8Mp","action":"Initial GetUpdates", "result":"", "context":Reason: NEWLY_SUPPORTED_DATATYPE. cV=/+b9ZXc99z1WEixSErh8Mp}
{"logTime": "0724/030616", "correlationVector":"/+b9ZXc99z1WEixSErh8Mp.1","action":"SyncServerConnectionManagerRequest", "result":"SYNC_SERVER_OK", "context":{"environment":"Prod_southeastasia_prod-s01-065-apac-southeastasia", "migrationStage":"NotStarted", "server":"akswtt00200000f"}}
{"logTime": "0724/030616", "correlationVector":"/+b9ZXc99z1WEixSErh8Mp.2","action":"ProcessGetUpdates", "result":"Done", "context":{"dataType":"Bookmarks", "deleted":"0", "process_failed_to_decrypt":"0", "process_pending_decryption":"0", "process_success":"7", "total":"7"}}
{"logTime": "0724/030616", "correlationVector":"/+b9ZXc99z1WEixSErh8Mp.3","action":"ProcessGetUpdates", "result":"Done", "context":{"dataType":"Autofill Profiles", "deleted":"7", "process_failed_to_decrypt":"0", "process_pending_decryption":"0", "process_success":"8", "total":"8"}}
{"logTime": "0724/030616", "correlationVector":"/+b9ZXc99z1WEixSErh8Mp.4","action":"ProcessGetUpdates", "result":"Done", "context":{"dataType":"Autofill", "deleted":"0", "process_failed_to_decrypt":"0", "process_pending_decryption":"0", "process_success":"27", "total":"27"}}
{"logTime": "0724/030616", "correlationVector":"/+b9ZXc99z1WEixSErh8Mp.5","action":"ProcessGetUpdates", "result":"Done", "context":{"dataType":"Sessions", "deleted":"203", "process_failed_to_decrypt":"0", "process_pending_decryption":"0", "process_success":"203", "total":"203"}}
{"logTime": "0724/030616", "correlationVector":"/+b9ZXc99z1WEixSErh8Mp.6","action":"ProcessGetUpdates", "result":"Done", "context":{"dataType":"Saved Tab Group", "deleted":"5", "process_failed_to_decrypt":"0", "process_pending_decryption":"0", "process_success":"5", "total":"5"}}
{"logTime": "0724/030616", "correlationVector":"/+b9ZXc99z1WEixSErh8Mp.7","action":"GetUpdates Response", "result":"Success", "context":Received 250 update(s). cV=/+b9ZXc99z1WEixSErh8Mp.0;server=akswtt00200000f;cloudType=Consumer;environment=Prod_southeastasia_prod-s01-065-apac-southeastasia;migrationStage=NotStarted Some updates remain.}
{"logTime": "0724/030616", "correlationVector":"ym6Jpyjtxf0BU/Xu2W6ZAh","action":"Initial GetUpdates", "result":"", "context":Reason: NEWLY_SUPPORTED_DATATYPE. cV=ym6Jpyjtxf0BU/Xu2W6ZAh}
{"logTime": "0724/030617", "correlationVector":"ym6Jpyjtxf0BU/Xu2W6ZAh.1","action":"SyncServerConnectionManagerRequest", "result":"SYNC_SERVER_OK", "context":{"environment":"Prod_southeastasia_prod-s01-065-apac-southeastasia", "migrationStage":"NotStarted", "server":"akswtt002000006"}}
{"logTime": "0724/030617", "correlationVector":"ym6Jpyjtxf0BU/Xu2W6ZAh.2","action":"ProcessGetUpdates", "result":"Done", "context":{"dataType":"Bookmarks", "deleted":"0", "process_failed_to_decrypt":"0", "process_pending_decryption":"0", "process_success":"3", "total":"3"}}
{"logTime": "0724/030617", "correlationVector":"ym6Jpyjtxf0BU/Xu2W6ZAh.3","action":"ProcessGetUpdates", "result":"Done", "context":{"dataType":"Autofill Profiles", "deleted":"9", "process_failed_to_decrypt":"0", "process_pending_decryption":"0", "process_success":"9", "total":"9"}}
{"logTime": "0724/030617", "correlationVector":"ym6Jpyjtxf0BU/Xu2W6ZAh.4","action":"ProcessGetUpdates", "result":"Done", "context":{"dataType":"Autofill", "deleted":"0", "process_failed_to_decrypt":"0", "process_pending_decryption":"0", "process_success":"27", "total":"27"}}
{"logTime": "0724/030617", "correlationVector":"ym6Jpyjtxf0BU/Xu2W6ZAh.5","action":"ProcessGetUpdates", "result":"Done", "context":{"dataType":"Sessions", "deleted":"209", "process_failed_to_decrypt":"0", "process_pending_decryption":"0", "process_success":"209", "total":"209"}}
{"logTime": "0724/030617", "correlationVector":"ym6Jpyjtxf0BU/Xu2W6ZAh.6","action":"ProcessGetUpdates", "result":"Done", "context":{"dataType":"Saved Tab Group", "deleted":"2", "process_failed_to_decrypt":"0", "process_pending_decryption":"0", "process_success":"2", "total":"2"}}
{"logTime": "0724/030617", "correlationVector":"ym6Jpyjtxf0BU/Xu2W6ZAh.7","action":"GetUpdates Response", "result":"Success", "context":Received 250 update(s). cV=ym6Jpyjtxf0BU/Xu2W6ZAh.0;server=akswtt002000006;cloudType=Consumer;environment=Prod_southeastasia_prod-s01-065-apac-southeastasia;migrationStage=NotStarted Some updates remain.}
{"logTime": "0724/030617", "correlationVector":"fqF5B/LUC9O5x36rp3/h5s","action":"Initial GetUpdates", "result":"", "context":Reason: NEWLY_SUPPORTED_DATATYPE. cV=fqF5B/LUC9O5x36rp3/h5s}
{"logTime": "0724/030618", "correlationVector":"fqF5B/LUC9O5x36rp3/h5s.1","action":"SyncServerConnectionManagerRequest", "result":"SYNC_SERVER_OK", "context":{"environment":"Prod_southeastasia_prod-s01-065-apac-southeastasia", "migrationStage":"NotStarted", "server":"akswtt00200001f"}}
{"logTime": "0724/030618", "correlationVector":"fqF5B/LUC9O5x36rp3/h5s.2","action":"ProcessGetUpdates", "result":"Done", "context":{"dataType":"Bookmarks", "deleted":"0", "process_failed_to_decrypt":"0", "process_pending_decryption":"0", "process_success":"3", "total":"3"}}
{"logTime": "0724/030618", "correlationVector":"fqF5B/LUC9O5x36rp3/h5s.3","action":"ProcessGetUpdates", "result":"Done", "context":{"dataType":"Autofill Profiles", "deleted":"16", "process_failed_to_decrypt":"0", "process_pending_decryption":"0", "process_success":"17", "total":"17"}}
{"logTime": "0724/030618", "correlationVector":"fqF5B/LUC9O5x36rp3/h5s.4","action":"ProcessGetUpdates", "result":"Done", "context":{"dataType":"Autofill", "deleted":"0", "process_failed_to_decrypt":"0", "process_pending_decryption":"0", "process_success":"10", "total":"10"}}
{"logTime": "0724/030618", "correlationVector":"fqF5B/LUC9O5x36rp3/h5s.5","action":"ProcessGetUpdates", "result":"Done", "context":{"dataType":"Extensions", "deleted":"0", "process_failed_to_decrypt":"0", "process_pending_decryption":"0", "process_success":"1", "total":"1"}}
{"logTime": "0724/030618", "correlationVector":"fqF5B/LUC9O5x36rp3/h5s.6","action":"ProcessGetUpdates", "result":"Done", "context":{"dataType":"Sessions", "deleted":"202", "process_failed_to_decrypt":"0", "process_pending_decryption":"0", "process_success":"202", "total":"202"}}
{"logTime": "0724/030618", "correlationVector":"fqF5B/LUC9O5x36rp3/h5s.7","action":"ProcessGetUpdates", "result":"Done", "context":{"dataType":"Saved Tab Group", "deleted":"17", "process_failed_to_decrypt":"0", "process_pending_decryption":"0", "process_success":"17", "total":"17"}}
{"logTime": "0724/030618", "correlationVector":"fqF5B/LUC9O5x36rp3/h5s.8","action":"GetUpdates Response", "result":"Success", "context":Received 250 update(s). cV=fqF5B/LUC9O5x36rp3/h5s.0;server=akswtt00200001f;cloudType=Consumer;environment=Prod_southeastasia_prod-s01-065-apac-southeastasia;migrationStage=NotStarted Some updates remain.}
{"logTime": "0724/030618", "correlationVector":"3Ao6cYsBox/JTsSX4lnJml","action":"Initial GetUpdates", "result":"", "context":Reason: NEWLY_SUPPORTED_DATATYPE. cV=3Ao6cYsBox/JTsSX4lnJml}
{"logTime": "0724/030620", "correlationVector":"3Ao6cYsBox/JTsSX4lnJml.1","action":"SyncServerConnectionManagerRequest", "result":"SYNC_SERVER_OK", "context":{"environment":"Prod_southeastasia_prod-s01-065-apac-southeastasia", "migrationStage":"NotStarted", "server":"akswtt002000006"}}
{"logTime": "0724/030620", "correlationVector":"3Ao6cYsBox/JTsSX4lnJml.2","action":"ProcessGetUpdates", "result":"Done", "context":{"dataType":"Bookmarks", "deleted":"0", "process_failed_to_decrypt":"0", "process_pending_decryption":"0", "process_success":"4", "total":"4"}}
{"logTime": "0724/030620", "correlationVector":"3Ao6cYsBox/JTsSX4lnJml.3","action":"ProcessGetUpdates", "result":"Done", "context":{"dataType":"Autofill Profiles", "deleted":"4", "process_failed_to_decrypt":"0", "process_pending_decryption":"0", "process_success":"4", "total":"4"}}
{"logTime": "0724/030620", "correlationVector":"3Ao6cYsBox/JTsSX4lnJml.4","action":"ProcessGetUpdates", "result":"Done", "context":{"dataType":"Autofill", "deleted":"0", "process_failed_to_decrypt":"0", "process_pending_decryption":"0", "process_success":"67", "total":"67"}}
{"logTime": "0724/030620", "correlationVector":"3Ao6cYsBox/JTsSX4lnJml.5","action":"ProcessGetUpdates", "result":"Done", "context":{"dataType":"Sessions", "deleted":"165", "process_failed_to_decrypt":"0", "process_pending_decryption":"0", "process_success":"165", "total":"165"}}
{"logTime": "0724/030620", "correlationVector":"3Ao6cYsBox/JTsSX4lnJml.6","action":"ProcessGetUpdates", "result":"Done", "context":{"dataType":"Saved Tab Group", "deleted":"10", "process_failed_to_decrypt":"0", "process_pending_decryption":"0", "process_success":"10", "total":"10"}}
{"logTime": "0724/030620", "correlationVector":"3Ao6cYsBox/JTsSX4lnJml.7","action":"GetUpdates Response", "result":"Success", "context":Received 250 update(s). cV=3Ao6cYsBox/JTsSX4lnJml.0;server=akswtt002000006;cloudType=Consumer;environment=Prod_southeastasia_prod-s01-065-apac-southeastasia;migrationStage=NotStarted Some updates remain.}
{"logTime": "0724/030620", "correlationVector":"dC/jYaIG2wkdQGzXZFr361","action":"Initial GetUpdates", "result":"", "context":Reason: NEWLY_SUPPORTED_DATATYPE. cV=dC/jYaIG2wkdQGzXZFr361}
{"logTime": "0724/030621", "correlationVector":"dC/jYaIG2wkdQGzXZFr361.1","action":"SyncServerConnectionManagerRequest", "result":"SYNC_SERVER_OK", "context":{"environment":"Prod_southeastasia_prod-s01-065-apac-southeastasia", "migrationStage":"NotStarted", "server":"akswtt00200000n"}}
{"logTime": "0724/030621", "correlationVector":"dC/jYaIG2wkdQGzXZFr361.2","action":"ProcessGetUpdates", "result":"Done", "context":{"dataType":"Bookmarks", "deleted":"1", "process_failed_to_decrypt":"0", "process_pending_decryption":"0", "process_success":"5", "total":"5"}}
{"logTime": "0724/030621", "correlationVector":"dC/jYaIG2wkdQGzXZFr361.3","action":"ProcessGetUpdates", "result":"Done", "context":{"dataType":"Preferences", "deleted":"0", "process_failed_to_decrypt":"0", "process_pending_decryption":"0", "process_success":"2", "total":"2"}}
{"logTime": "0724/030621", "correlationVector":"dC/jYaIG2wkdQGzXZFr361.4","action":"ProcessGetUpdates", "result":"Done", "context":{"dataType":"Autofill Profiles", "deleted":"6", "process_failed_to_decrypt":"0", "process_pending_decryption":"0", "process_success":"6", "total":"6"}}
{"logTime": "0724/030621", "correlationVector":"dC/jYaIG2wkdQGzXZFr361.5","action":"ProcessGetUpdates", "result":"Done", "context":{"dataType":"Autofill", "deleted":"0", "process_failed_to_decrypt":"0", "process_pending_decryption":"0", "process_success":"22", "total":"22"}}
{"logTime": "0724/030621", "correlationVector":"dC/jYaIG2wkdQGzXZFr361.6","action":"ProcessGetUpdates", "result":"Done", "context":{"dataType":"Sessions", "deleted":"212", "process_failed_to_decrypt":"0", "process_pending_decryption":"0", "process_success":"212", "total":"212"}}
{"logTime": "0724/030621", "correlationVector":"dC/jYaIG2wkdQGzXZFr361.7","action":"ProcessGetUpdates", "result":"Done", "context":{"dataType":"Saved Tab Group", "deleted":"2", "process_failed_to_decrypt":"0", "process_pending_decryption":"0", "process_success":"2", "total":"2"}}
{"logTime": "0724/030621", "correlationVector":"dC/jYaIG2wkdQGzXZFr361.8","action":"ProcessGetUpdates", "result":"Done", "context":{"dataType":"Edge Hub App Usage", "deleted":"0", "process_failed_to_decrypt":"0", "process_pending_decryption":"0", "process_success":"1", "total":"1"}}
{"logTime": "0724/030621", "correlationVector":"dC/jYaIG2wkdQGzXZFr361.9","action":"GetUpdates Response", "result":"Success", "context":Received 250 update(s). cV=dC/jYaIG2wkdQGzXZFr361.0;server=akswtt00200000n;cloudType=Consumer;environment=Prod_southeastasia_prod-s01-065-apac-southeastasia;migrationStage=NotStarted Some updates remain.}
{"logTime": "0724/030621", "correlationVector":"Pk6Uyk9+LAfgKmGV2w7o6o","action":"Initial GetUpdates", "result":"", "context":Reason: NEWLY_SUPPORTED_DATATYPE. cV=Pk6Uyk9+LAfgKmGV2w7o6o}
{"logTime": "0724/030624", "correlationVector":"Pk6Uyk9+LAfgKmGV2w7o6o.1","action":"SyncServerConnectionManagerRequest", "result":"SYNC_SERVER_OK", "context":{"environment":"Prod_southeastasia_prod-s01-065-apac-southeastasia", "migrationStage":"NotStarted", "server":"akswtt002000011"}}
{"logTime": "0724/030624", "correlationVector":"Pk6Uyk9+LAfgKmGV2w7o6o.2","action":"ProcessGetUpdates", "result":"Done", "context":{"dataType":"Bookmarks", "deleted":"0", "process_failed_to_decrypt":"0", "process_pending_decryption":"0", "process_success":"1", "total":"1"}}
{"logTime": "0724/030624", "correlationVector":"Pk6Uyk9+LAfgKmGV2w7o6o.3","action":"ProcessGetUpdates", "result":"Done", "context":{"dataType":"Preferences", "deleted":"0", "process_failed_to_decrypt":"0", "process_pending_decryption":"0", "process_success":"1", "total":"1"}}
{"logTime": "0724/030624", "correlationVector":"Pk6Uyk9+LAfgKmGV2w7o6o.4","action":"ProcessGetUpdates", "result":"Done", "context":{"dataType":"Autofill Profiles", "deleted":"0", "process_failed_to_decrypt":"0", "process_pending_decryption":"0", "process_success":"3", "total":"3"}}
{"logTime": "0724/030624", "correlationVector":"Pk6Uyk9+LAfgKmGV2w7o6o.5","action":"ProcessGetUpdates", "result":"Done", "context":{"dataType":"Autofill", "deleted":"0", "process_failed_to_decrypt":"0", "process_pending_decryption":"0", "process_success":"10", "total":"10"}}
{"logTime": "0724/030624", "correlationVector":"Pk6Uyk9+LAfgKmGV2w7o6o.6","action":"ProcessGetUpdates", "result":"Done", "context":{"dataType":"Sessions", "deleted":"235", "process_failed_to_decrypt":"0", "process_pending_decryption":"0", "process_success":"235", "total":"235"}}
{"logTime": "0724/030624", "correlationVector":"Pk6Uyk9+LAfgKmGV2w7o6o.7","action":"GetUpdates Response", "result":"Success", "context":Received 250 update(s). cV=Pk6Uyk9+LAfgKmGV2w7o6o.0;server=akswtt002000011;cloudType=Consumer;environment=Prod_southeastasia_prod-s01-065-apac-southeastasia;migrationStage=NotStarted Some updates remain.}
{"logTime": "0724/030624", "correlationVector":"JtAnUu8n0OXchSrnl2k+DB","action":"Initial GetUpdates", "result":"", "context":Reason: NEWLY_SUPPORTED_DATATYPE. cV=JtAnUu8n0OXchSrnl2k+DB}
{"logTime": "0724/030625", "correlationVector":"JtAnUu8n0OXchSrnl2k+DB.1","action":"SyncServerConnectionManagerRequest", "result":"SYNC_SERVER_OK", "context":{"environment":"Prod_southeastasia_prod-s01-065-apac-southeastasia", "migrationStage":"NotStarted", "server":"akswtt002000013"}}
{"logTime": "0724/030625", "correlationVector":"JtAnUu8n0OXchSrnl2k+DB.2","action":"ProcessGetUpdates", "result":"Done", "context":{"dataType":"Bookmarks", "deleted":"0", "process_failed_to_decrypt":"0", "process_pending_decryption":"0", "process_success":"10", "total":"10"}}
{"logTime": "0724/030625", "correlationVector":"JtAnUu8n0OXchSrnl2k+DB.3","action":"ProcessGetUpdates", "result":"Done", "context":{"dataType":"Autofill Profiles", "deleted":"10", "process_failed_to_decrypt":"0", "process_pending_decryption":"0", "process_success":"11", "total":"11"}}
{"logTime": "0724/030625", "correlationVector":"JtAnUu8n0OXchSrnl2k+DB.4","action":"ProcessGetUpdates", "result":"Done", "context":{"dataType":"Autofill", "deleted":"0", "process_failed_to_decrypt":"0", "process_pending_decryption":"0", "process_success":"11", "total":"11"}}
{"logTime": "0724/030625", "correlationVector":"JtAnUu8n0OXchSrnl2k+DB.5","action":"ProcessGetUpdates", "result":"Done", "context":{"dataType":"Sessions", "deleted":"210", "process_failed_to_decrypt":"0", "process_pending_decryption":"0", "process_success":"210", "total":"210"}}
{"logTime": "0724/030625", "correlationVector":"JtAnUu8n0OXchSrnl2k+DB.6","action":"ProcessGetUpdates", "result":"Done", "context":{"dataType":"Saved Tab Group", "deleted":"3", "process_failed_to_decrypt":"0", "process_pending_decryption":"0", "process_success":"8", "total":"8"}}
{"logTime": "0724/030625", "correlationVector":"JtAnUu8n0OXchSrnl2k+DB.7","action":"GetUpdates Response", "result":"Success", "context":Received 250 update(s). cV=JtAnUu8n0OXchSrnl2k+DB.0;server=akswtt002000013;cloudType=Consumer;environment=Prod_southeastasia_prod-s01-065-apac-southeastasia;migrationStage=NotStarted Some updates remain.}
{"logTime": "0724/030625", "correlationVector":"YK/FmrJjW4J0VCX44cBKI/","action":"Initial GetUpdates", "result":"", "context":Reason: NEWLY_SUPPORTED_DATATYPE. cV=YK/FmrJjW4J0VCX44cBKI/}
{"logTime": "0724/030626", "correlationVector":"YK/FmrJjW4J0VCX44cBKI/.1","action":"SyncServerConnectionManagerRequest", "result":"SYNC_SERVER_OK", "context":{"environment":"Prod_southeastasia_prod-s01-065-apac-southeastasia", "migrationStage":"NotStarted", "server":"akswtt00200000s"}}
{"logTime": "0724/030626", "correlationVector":"YK/FmrJjW4J0VCX44cBKI/.2","action":"ProcessGetUpdates", "result":"Done", "context":{"dataType":"Bookmarks", "deleted":"1", "process_failed_to_decrypt":"0", "process_pending_decryption":"0", "process_success":"3", "total":"3"}}
{"logTime": "0724/030626", "correlationVector":"YK/FmrJjW4J0VCX44cBKI/.3","action":"ProcessGetUpdates", "result":"Done", "context":{"dataType":"Preferences", "deleted":"0", "process_failed_to_decrypt":"0", "process_pending_decryption":"0", "process_success":"1", "total":"1"}}
{"logTime": "0724/030626", "correlationVector":"YK/FmrJjW4J0VCX44cBKI/.4","action":"ProcessGetUpdates", "result":"Done", "context":{"dataType":"Autofill Profiles", "deleted":"1", "process_failed_to_decrypt":"0", "process_pending_decryption":"0", "process_success":"1", "total":"1"}}
{"logTime": "0724/030626", "correlationVector":"YK/FmrJjW4J0VCX44cBKI/.5","action":"ProcessGetUpdates", "result":"Done", "context":{"dataType":"Autofill", "deleted":"0", "process_failed_to_decrypt":"0", "process_pending_decryption":"0", "process_success":"21", "total":"21"}}
{"logTime": "0724/030626", "correlationVector":"YK/FmrJjW4J0VCX44cBKI/.6","action":"ProcessGetUpdates", "result":"Done", "context":{"dataType":"Sessions", "deleted":"201", "process_failed_to_decrypt":"0", "process_pending_decryption":"0", "process_success":"201", "total":"201"}}
{"logTime": "0724/030626", "correlationVector":"YK/FmrJjW4J0VCX44cBKI/.7","action":"ProcessGetUpdates", "result":"Done", "context":{"dataType":"History Delete Directives", "deleted":"0", "process_failed_to_decrypt":"0", "process_pending_decryption":"0", "process_success":"3", "total":"3"}}
{"logTime": "0724/030626", "correlationVector":"YK/FmrJjW4J0VCX44cBKI/.8","action":"ProcessGetUpdates", "result":"Done", "context":{"dataType":"Saved Tab Group", "deleted":"10", "process_failed_to_decrypt":"0", "process_pending_decryption":"0", "process_success":"20", "total":"20"}}
{"logTime": "0724/030626", "correlationVector":"YK/FmrJjW4J0VCX44cBKI/.9","action":"GetUpdates Response", "result":"Success", "context":Received 250 update(s). cV=YK/FmrJjW4J0VCX44cBKI/.0;server=akswtt00200000s;cloudType=Consumer;environment=Prod_southeastasia_prod-s01-065-apac-southeastasia;migrationStage=NotStarted Some updates remain.}
{"logTime": "0724/030626", "correlationVector":"RFlbzfBrTmrrfKTw0JVLSp","action":"Initial GetUpdates", "result":"", "context":Reason: NEWLY_SUPPORTED_DATATYPE. cV=RFlbzfBrTmrrfKTw0JVLSp}
{"logTime": "0724/030628", "correlationVector":"RFlbzfBrTmrrfKTw0JVLSp.1","action":"SyncServerConnectionManagerRequest", "result":"SYNC_SERVER_OK", "context":{"environment":"Prod_southeastasia_prod-s01-065-apac-southeastasia", "migrationStage":"NotStarted", "server":"akswtt00200000u"}}
{"logTime": "0724/030628", "correlationVector":"RFlbzfBrTmrrfKTw0JVLSp.2","action":"ProcessGetUpdates", "result":"Done", "context":{"dataType":"Bookmarks", "deleted":"0", "process_failed_to_decrypt":"0", "process_pending_decryption":"0", "process_success":"2", "total":"2"}}
{"logTime": "0724/030628", "correlationVector":"RFlbzfBrTmrrfKTw0JVLSp.3","action":"ProcessGetUpdates", "result":"Done", "context":{"dataType":"Autofill Profiles", "deleted":"7", "process_failed_to_decrypt":"0", "process_pending_decryption":"0", "process_success":"8", "total":"8"}}
{"logTime": "0724/030628", "correlationVector":"RFlbzfBrTmrrfKTw0JVLSp.4","action":"ProcessGetUpdates", "result":"Done", "context":{"dataType":"Autofill", "deleted":"0", "process_failed_to_decrypt":"0", "process_pending_decryption":"0", "process_success":"14", "total":"14"}}
{"logTime": "0724/030628", "correlationVector":"RFlbzfBrTmrrfKTw0JVLSp.5","action":"ProcessGetUpdates", "result":"Done", "context":{"dataType":"Sessions", "deleted":"212", "process_failed_to_decrypt":"0", "process_pending_decryption":"0", "process_success":"212", "total":"212"}}
{"logTime": "0724/030628", "correlationVector":"RFlbzfBrTmrrfKTw0JVLSp.6","action":"ProcessGetUpdates", "result":"Done", "context":{"dataType":"History Delete Directives", "deleted":"0", "process_failed_to_decrypt":"0", "process_pending_decryption":"0", "process_success":"10", "total":"10"}}
{"logTime": "0724/030628", "correlationVector":"RFlbzfBrTmrrfKTw0JVLSp.7","action":"ProcessGetUpdates", "result":"Done", "context":{"dataType":"Edge Hub App Usage", "deleted":"4", "process_failed_to_decrypt":"0", "process_pending_decryption":"0", "process_success":"4", "total":"4"}}
{"logTime": "0724/030628", "correlationVector":"RFlbzfBrTmrrfKTw0JVLSp.8","action":"GetUpdates Response", "result":"Success", "context":Received 250 update(s). cV=RFlbzfBrTmrrfKTw0JVLSp.0;server=akswtt00200000u;cloudType=Consumer;environment=Prod_southeastasia_prod-s01-065-apac-southeastasia;migrationStage=NotStarted Some updates remain.}
{"logTime": "0724/030628", "correlationVector":"xTpMVVjXxgYLm0JYx/5T05","action":"Initial GetUpdates", "result":"", "context":Reason: NEWLY_SUPPORTED_DATATYPE. cV=xTpMVVjXxgYLm0JYx/5T05}
{"logTime": "0724/030629", "correlationVector":"xTpMVVjXxgYLm0JYx/5T05.1","action":"SyncServerConnectionManagerRequest", "result":"SYNC_SERVER_OK", "context":{"environment":"Prod_southeastasia_prod-s01-065-apac-southeastasia", "migrationStage":"NotStarted", "server":"akswtt00200000n"}}
{"logTime": "0724/030629", "correlationVector":"xTpMVVjXxgYLm0JYx/5T05.2","action":"ProcessGetUpdates", "result":"Done", "context":{"dataType":"Bookmarks", "deleted":"0", "process_failed_to_decrypt":"0", "process_pending_decryption":"0", "process_success":"4", "total":"4"}}
{"logTime": "0724/030629", "correlationVector":"xTpMVVjXxgYLm0JYx/5T05.3","action":"ProcessGetUpdates", "result":"Done", "context":{"dataType":"Autofill Profiles", "deleted":"1", "process_failed_to_decrypt":"0", "process_pending_decryption":"0", "process_success":"1", "total":"1"}}
{"logTime": "0724/030629", "correlationVector":"xTpMVVjXxgYLm0JYx/5T05.4","action":"ProcessGetUpdates", "result":"Done", "context":{"dataType":"Autofill", "deleted":"0", "process_failed_to_decrypt":"0", "process_pending_decryption":"0", "process_success":"8", "total":"8"}}
{"logTime": "0724/030629", "correlationVector":"xTpMVVjXxgYLm0JYx/5T05.5","action":"ProcessGetUpdates", "result":"Done", "context":{"dataType":"Sessions", "deleted":"215", "process_failed_to_decrypt":"0", "process_pending_decryption":"0", "process_success":"215", "total":"215"}}
{"logTime": "0724/030629", "correlationVector":"xTpMVVjXxgYLm0JYx/5T05.6","action":"ProcessGetUpdates", "result":"Done", "context":{"dataType":"Extension settings", "deleted":"0", "process_failed_to_decrypt":"0", "process_pending_decryption":"0", "process_success":"1", "total":"1"}}
{"logTime": "0724/030629", "correlationVector":"xTpMVVjXxgYLm0JYx/5T05.7","action":"ProcessGetUpdates", "result":"Done", "context":{"dataType":"History Delete Directives", "deleted":"0", "process_failed_to_decrypt":"0", "process_pending_decryption":"0", "process_success":"17", "total":"17"}}
{"logTime": "0724/030629", "correlationVector":"xTpMVVjXxgYLm0JYx/5T05.8","action":"ProcessGetUpdates", "result":"Done", "context":{"dataType":"Edge Hub App Usage", "deleted":"0", "process_failed_to_decrypt":"0", "process_pending_decryption":"0", "process_success":"4", "total":"4"}}
{"logTime": "0724/030629", "correlationVector":"xTpMVVjXxgYLm0JYx/5T05.9","action":"GetUpdates Response", "result":"Success", "context":Received 250 update(s). cV=xTpMVVjXxgYLm0JYx/5T05.0;server=akswtt00200000n;cloudType=Consumer;environment=Prod_southeastasia_prod-s01-065-apac-southeastasia;migrationStage=NotStarted Some updates remain.}
{"logTime": "0724/030629", "correlationVector":"EKDezdaMD2vcqsbW9/UO31","action":"Initial GetUpdates", "result":"", "context":Reason: NEWLY_SUPPORTED_DATATYPE. cV=EKDezdaMD2vcqsbW9/UO31}
{"logTime": "0724/030630", "correlationVector":"EKDezdaMD2vcqsbW9/UO31.1","action":"SyncServerConnectionManagerRequest", "result":"SYNC_SERVER_OK", "context":{"environment":"Prod_southeastasia_prod-s01-065-apac-southeastasia", "migrationStage":"NotStarted", "server":"akswtt002000007"}}
{"logTime": "0724/030630", "correlationVector":"EKDezdaMD2vcqsbW9/UO31.2","action":"ProcessGetUpdates", "result":"Done", "context":{"dataType":"Bookmarks", "deleted":"0", "process_failed_to_decrypt":"0", "process_pending_decryption":"0", "process_success":"5", "total":"5"}}
{"logTime": "0724/030630", "correlationVector":"EKDezdaMD2vcqsbW9/UO31.3","action":"ProcessGetUpdates", "result":"Done", "context":{"dataType":"Autofill Profiles", "deleted":"1", "process_failed_to_decrypt":"0", "process_pending_decryption":"0", "process_success":"1", "total":"1"}}
{"logTime": "0724/030630", "correlationVector":"EKDezdaMD2vcqsbW9/UO31.4","action":"ProcessGetUpdates", "result":"Done", "context":{"dataType":"Autofill", "deleted":"0", "process_failed_to_decrypt":"0", "process_pending_decryption":"0", "process_success":"24", "total":"24"}}
{"logTime": "0724/030630", "correlationVector":"EKDezdaMD2vcqsbW9/UO31.5","action":"ProcessGetUpdates", "result":"Done", "context":{"dataType":"Extensions", "deleted":"2", "process_failed_to_decrypt":"0", "process_pending_decryption":"0", "process_success":"2", "total":"2"}}
{"logTime": "0724/030630", "correlationVector":"EKDezdaMD2vcqsbW9/UO31.6","action":"ProcessGetUpdates", "result":"Done", "context":{"dataType":"Sessions", "deleted":"211", "process_failed_to_decrypt":"0", "process_pending_decryption":"0", "process_success":"211", "total":"211"}}
{"logTime": "0724/030630", "correlationVector":"EKDezdaMD2vcqsbW9/UO31.7","action":"ProcessGetUpdates", "result":"Done", "context":{"dataType":"History Delete Directives", "deleted":"0", "process_failed_to_decrypt":"0", "process_pending_decryption":"0", "process_success":"4", "total":"4"}}
{"logTime": "0724/030630", "correlationVector":"EKDezdaMD2vcqsbW9/UO31.8","action":"ProcessGetUpdates", "result":"Done", "context":{"dataType":"Edge Hub App Usage", "deleted":"0", "process_failed_to_decrypt":"0", "process_pending_decryption":"0", "process_success":"3", "total":"3"}}
{"logTime": "0724/030630", "correlationVector":"EKDezdaMD2vcqsbW9/UO31.9","action":"GetUpdates Response", "result":"Success", "context":Received 250 update(s). cV=EKDezdaMD2vcqsbW9/UO31.0;server=akswtt002000007;cloudType=Consumer;environment=Prod_southeastasia_prod-s01-065-apac-southeastasia;migrationStage=NotStarted Some updates remain.}
{"logTime": "0724/030630", "correlationVector":"9Qz8AAtR7URqYGI1XatI0K","action":"Initial GetUpdates", "result":"", "context":Reason: NEWLY_SUPPORTED_DATATYPE. cV=9Qz8AAtR7URqYGI1XatI0K}
{"logTime": "0724/030631", "correlationVector":"9Qz8AAtR7URqYGI1XatI0K.1","action":"SyncServerConnectionManagerRequest", "result":"SYNC_SERVER_OK", "context":{"environment":"Prod_southeastasia_prod-s01-065-apac-southeastasia", "migrationStage":"NotStarted", "server":"akswtt002000006"}}
{"logTime": "0724/030631", "correlationVector":"9Qz8AAtR7URqYGI1XatI0K.2","action":"ProcessGetUpdates", "result":"Done", "context":{"dataType":"Bookmarks", "deleted":"0", "process_failed_to_decrypt":"0", "process_pending_decryption":"0", "process_success":"5", "total":"5"}}
{"logTime": "0724/030631", "correlationVector":"9Qz8AAtR7URqYGI1XatI0K.3","action":"ProcessGetUpdates", "result":"Done", "context":{"dataType":"Preferences", "deleted":"0", "process_failed_to_decrypt":"0", "process_pending_decryption":"0", "process_success":"2", "total":"2"}}
{"logTime": "0724/030631", "correlationVector":"9Qz8AAtR7URqYGI1XatI0K.4","action":"ProcessGetUpdates", "result":"Done", "context":{"dataType":"Autofill", "deleted":"0", "process_failed_to_decrypt":"0", "process_pending_decryption":"0", "process_success":"6", "total":"6"}}
{"logTime": "0724/030631", "correlationVector":"9Qz8AAtR7URqYGI1XatI0K.5","action":"ProcessGetUpdates", "result":"Done", "context":{"dataType":"Extensions", "deleted":"0", "process_failed_to_decrypt":"0", "process_pending_decryption":"0", "process_success":"2", "total":"2"}}
{"logTime": "0724/030631", "correlationVector":"9Qz8AAtR7URqYGI1XatI0K.6","action":"ProcessGetUpdates", "result":"Done", "context":{"dataType":"Sessions", "deleted":"209", "process_failed_to_decrypt":"0", "process_pending_decryption":"0", "process_success":"211", "total":"211"}}
{"logTime": "0724/030631", "correlationVector":"9Qz8AAtR7URqYGI1XatI0K.7","action":"ProcessGetUpdates", "result":"Done", "context":{"dataType":"History Delete Directives", "deleted":"0", "process_failed_to_decrypt":"0", "process_pending_decryption":"0", "process_success":"21", "total":"21"}}
{"logTime": "0724/030631", "correlationVector":"9Qz8AAtR7URqYGI1XatI0K.8","action":"ProcessGetUpdates", "result":"Done", "context":{"dataType":"Edge Hub App Usage", "deleted":"0", "process_failed_to_decrypt":"0", "process_pending_decryption":"0", "process_success":"3", "total":"3"}}
{"logTime": "0724/030631", "correlationVector":"9Qz8AAtR7URqYGI1XatI0K.9","action":"GetUpdates Response", "result":"Success", "context":Received 250 update(s). cV=9Qz8AAtR7URqYGI1XatI0K.0;server=akswtt002000006;cloudType=Consumer;environment=Prod_southeastasia_prod-s01-065-apac-southeastasia;migrationStage=NotStarted Some updates remain.}
{"logTime": "0724/030631", "correlationVector":"nyC0gDPIK5Qh2EJjO6U+hM","action":"Initial GetUpdates", "result":"", "context":Reason: NEWLY_SUPPORTED_DATATYPE. cV=nyC0gDPIK5Qh2EJjO6U+hM}
{"logTime": "0724/030632", "correlationVector":"nyC0gDPIK5Qh2EJjO6U+hM.1","action":"SyncServerConnectionManagerRequest", "result":"SYNC_SERVER_OK", "context":{"environment":"Prod_southeastasia_prod-s01-065-apac-southeastasia", "migrationStage":"NotStarted", "server":"akswtt00200000h"}}
{"logTime": "0724/030632", "correlationVector":"nyC0gDPIK5Qh2EJjO6U+hM.2","action":"ProcessGetUpdates", "result":"Done", "context":{"dataType":"Bookmarks", "deleted":"0", "process_failed_to_decrypt":"0", "process_pending_decryption":"0", "process_success":"13", "total":"13"}}
{"logTime": "0724/030632", "correlationVector":"nyC0gDPIK5Qh2EJjO6U+hM.3","action":"ProcessGetUpdates", "result":"Done", "context":{"dataType":"Preferences", "deleted":"0", "process_failed_to_decrypt":"0", "process_pending_decryption":"0", "process_success":"4", "total":"4"}}
{"logTime": "0724/030632", "correlationVector":"nyC0gDPIK5Qh2EJjO6U+hM.4","action":"ProcessGetUpdates", "result":"Done", "context":{"dataType":"Autofill", "deleted":"0", "process_failed_to_decrypt":"0", "process_pending_decryption":"0", "process_success":"21", "total":"21"}}
{"logTime": "0724/030632", "correlationVector":"nyC0gDPIK5Qh2EJjO6U+hM.5","action":"ProcessGetUpdates", "result":"Done", "context":{"dataType":"Extensions", "deleted":"0", "process_failed_to_decrypt":"0", "process_pending_decryption":"0", "process_success":"3", "total":"3"}}
{"logTime": "0724/030632", "correlationVector":"nyC0gDPIK5Qh2EJjO6U+hM.6","action":"ProcessGetUpdates", "result":"Done", "context":{"dataType":"Sessions", "deleted":"153", "process_failed_to_decrypt":"0", "process_pending_decryption":"0", "process_success":"175", "total":"175"}}
{"logTime": "0724/030632", "correlationVector":"nyC0gDPIK5Qh2EJjO6U+hM.7","action":"ProcessGetUpdates", "result":"Done", "context":{"dataType":"History Delete Directives", "deleted":"0", "process_failed_to_decrypt":"0", "process_pending_decryption":"0", "process_success":"7", "total":"7"}}
{"logTime": "0724/030632", "correlationVector":"nyC0gDPIK5Qh2EJjO6U+hM.8","action":"GetUpdates Response", "result":"Success", "context":Received 223 update(s). cV=nyC0gDPIK5Qh2EJjO6U+hM.0;server=akswtt00200000h;cloudType=Consumer;environment=Prod_southeastasia_prod-s01-065-apac-southeastasia;migrationStage=NotStarted}
{"logTime": "0724/030633", "correlationVector":"Wmrv9lPWjJPPdPKCysiXGZ","action":"Initial GetUpdates", "result":"", "context":Reason: NEWLY_SUPPORTED_DATATYPE. cV=Wmrv9lPWjJPPdPKCysiXGZ}
{"logTime": "0724/030634", "correlationVector":"Wmrv9lPWjJPPdPKCysiXGZ.1","action":"SyncServerConnectionManagerRequest", "result":"SYNC_SERVER_OK", "context":{"environment":"Prod_southeastasia_prod-s01-065-apac-southeastasia", "migrationStage":"NotStarted", "server":"akswtt002000002"}}
{"logTime": "0724/030634", "correlationVector":"Wmrv9lPWjJPPdPKCysiXGZ.2","action":"ProcessGetUpdates", "result":"Done", "context":{"dataType":"History", "deleted":"250", "process_failed_to_decrypt":"0", "process_pending_decryption":"0", "process_success":"250", "total":"250"}}
{"logTime": "0724/030634", "correlationVector":"Wmrv9lPWjJPPdPKCysiXGZ.3","action":"GetUpdates Response", "result":"Success", "context":Received 250 update(s). cV=Wmrv9lPWjJPPdPKCysiXGZ.0;server=akswtt002000002;cloudType=Consumer;environment=Prod_southeastasia_prod-s01-065-apac-southeastasia;migrationStage=NotStarted Some updates remain.}
{"logTime": "0724/030634", "correlationVector":"dM6ukLTz886SmlPjFE6m6z","action":"Initial GetUpdates", "result":"", "context":Reason: NEWLY_SUPPORTED_DATATYPE. cV=dM6ukLTz886SmlPjFE6m6z}
{"logTime": "0724/030635", "correlationVector":"dM6ukLTz886SmlPjFE6m6z.1","action":"SyncServerConnectionManagerRequest", "result":"SYNC_SERVER_OK", "context":{"environment":"Prod_southeastasia_prod-s01-065-apac-southeastasia", "migrationStage":"NotStarted", "server":"akswtt002000021"}}
{"logTime": "0724/030635", "correlationVector":"dM6ukLTz886SmlPjFE6m6z.2","action":"ProcessGetUpdates", "result":"Done", "context":{"dataType":"History", "deleted":"250", "process_failed_to_decrypt":"0", "process_pending_decryption":"0", "process_success":"250", "total":"250"}}
{"logTime": "0724/030635", "correlationVector":"dM6ukLTz886SmlPjFE6m6z.3","action":"GetUpdates Response", "result":"Success", "context":Received 250 update(s). cV=dM6ukLTz886SmlPjFE6m6z.0;server=akswtt002000021;cloudType=Consumer;environment=Prod_southeastasia_prod-s01-065-apac-southeastasia;migrationStage=NotStarted Some updates remain.}
{"logTime": "0724/030635", "correlationVector":"tvN8JYPAZjmrzHwutPC7jw","action":"Initial GetUpdates", "result":"", "context":Reason: NEWLY_SUPPORTED_DATATYPE. cV=tvN8JYPAZjmrzHwutPC7jw}
{"logTime": "0724/030636", "correlationVector":"tvN8JYPAZjmrzHwutPC7jw.1","action":"SyncServerConnectionManagerRequest", "result":"SYNC_SERVER_OK", "context":{"environment":"Prod_southeastasia_prod-s01-065-apac-southeastasia", "migrationStage":"NotStarted", "server":"akswtt00200001h"}}
{"logTime": "0724/030636", "correlationVector":"tvN8JYPAZjmrzHwutPC7jw.2","action":"ProcessGetUpdates", "result":"Done", "context":{"dataType":"History", "deleted":"250", "process_failed_to_decrypt":"0", "process_pending_decryption":"0", "process_success":"250", "total":"250"}}
{"logTime": "0724/030636", "correlationVector":"tvN8JYPAZjmrzHwutPC7jw.3","action":"GetUpdates Response", "result":"Success", "context":Received 250 update(s). cV=tvN8JYPAZjmrzHwutPC7jw.0;server=akswtt00200001h;cloudType=Consumer;environment=Prod_southeastasia_prod-s01-065-apac-southeastasia;migrationStage=NotStarted Some updates remain.}
{"logTime": "0724/030636", "correlationVector":"iuyIrU+/xsMqFJOVio1h41","action":"Initial GetUpdates", "result":"", "context":Reason: NEWLY_SUPPORTED_DATATYPE. cV=iuyIrU+/xsMqFJOVio1h41}
{"logTime": "0724/030637", "correlationVector":"iuyIrU+/xsMqFJOVio1h41.1","action":"SyncServerConnectionManagerRequest", "result":"SYNC_SERVER_OK", "context":{"environment":"Prod_southeastasia_prod-s01-065-apac-southeastasia", "migrationStage":"NotStarted", "server":"akswtt002000010"}}
{"logTime": "0724/030637", "correlationVector":"iuyIrU+/xsMqFJOVio1h41.2","action":"ProcessGetUpdates", "result":"Done", "context":{"dataType":"History", "deleted":"250", "process_failed_to_decrypt":"0", "process_pending_decryption":"0", "process_success":"250", "total":"250"}}
{"logTime": "0724/030637", "correlationVector":"iuyIrU+/xsMqFJOVio1h41.3","action":"GetUpdates Response", "result":"Success", "context":Received 250 update(s). cV=iuyIrU+/xsMqFJOVio1h41.0;server=akswtt002000010;cloudType=Consumer;environment=Prod_southeastasia_prod-s01-065-apac-southeastasia;migrationStage=NotStarted Some updates remain.}
{"logTime": "0724/030637", "correlationVector":"Wzq7CZ8UPRl0SiQzFee9TB","action":"Initial GetUpdates", "result":"", "context":Reason: NEWLY_SUPPORTED_DATATYPE. cV=Wzq7CZ8UPRl0SiQzFee9TB}
{"logTime": "0724/030638", "correlationVector":"Wzq7CZ8UPRl0SiQzFee9TB.1","action":"SyncServerConnectionManagerRequest", "result":"SYNC_SERVER_OK", "context":{"environment":"Prod_southeastasia_prod-s01-065-apac-southeastasia", "migrationStage":"NotStarted", "server":"akswtt00200001j"}}
{"logTime": "0724/030638", "correlationVector":"Wzq7CZ8UPRl0SiQzFee9TB.2","action":"ProcessGetUpdates", "result":"Done", "context":{"dataType":"History", "deleted":"250", "process_failed_to_decrypt":"0", "process_pending_decryption":"0", "process_success":"250", "total":"250"}}
{"logTime": "0724/030638", "correlationVector":"Wzq7CZ8UPRl0SiQzFee9TB.3","action":"GetUpdates Response", "result":"Success", "context":Received 250 update(s). cV=Wzq7CZ8UPRl0SiQzFee9TB.0;server=akswtt00200001j;cloudType=Consumer;environment=Prod_southeastasia_prod-s01-065-apac-southeastasia;migrationStage=NotStarted Some updates remain.}
{"logTime": "0724/030638", "correlationVector":"phqRSFxxygU4o6RNiou+Kv","action":"Initial GetUpdates", "result":"", "context":Reason: NEWLY_SUPPORTED_DATATYPE. cV=phqRSFxxygU4o6RNiou+Kv}
{"logTime": "0724/030639", "correlationVector":"phqRSFxxygU4o6RNiou+Kv.1","action":"SyncServerConnectionManagerRequest", "result":"SYNC_SERVER_OK", "context":{"environment":"Prod_southeastasia_prod-s01-065-apac-southeastasia", "migrationStage":"NotStarted", "server":"akswtt00200000c"}}
{"logTime": "0724/030639", "correlationVector":"phqRSFxxygU4o6RNiou+Kv.2","action":"ProcessGetUpdates", "result":"Done", "context":{"dataType":"History", "deleted":"250", "process_failed_to_decrypt":"0", "process_pending_decryption":"0", "process_success":"250", "total":"250"}}
{"logTime": "0724/030639", "correlationVector":"phqRSFxxygU4o6RNiou+Kv.3","action":"GetUpdates Response", "result":"Success", "context":Received 250 update(s). cV=phqRSFxxygU4o6RNiou+Kv.0;server=akswtt00200000c;cloudType=Consumer;environment=Prod_southeastasia_prod-s01-065-apac-southeastasia;migrationStage=NotStarted Some updates remain.}
{"logTime": "0724/030639", "correlationVector":"nrPYgE2mLm0Te+T0gzqIi0","action":"Initial GetUpdates", "result":"", "context":Reason: NEWLY_SUPPORTED_DATATYPE. cV=nrPYgE2mLm0Te+T0gzqIi0}
{"logTime": "0724/030641", "correlationVector":"nrPYgE2mLm0Te+T0gzqIi0.1","action":"SyncServerConnectionManagerRequest", "result":"SYNC_SERVER_OK", "context":{"environment":"Prod_southeastasia_prod-s01-065-apac-southeastasia", "migrationStage":"NotStarted", "server":"akswtt002000020"}}
{"logTime": "0724/030641", "correlationVector":"nrPYgE2mLm0Te+T0gzqIi0.2","action":"ProcessGetUpdates", "result":"Done", "context":{"dataType":"History", "deleted":"250", "process_failed_to_decrypt":"0", "process_pending_decryption":"0", "process_success":"250", "total":"250"}}
{"logTime": "0724/030641", "correlationVector":"nrPYgE2mLm0Te+T0gzqIi0.3","action":"GetUpdates Response", "result":"Success", "context":Received 250 update(s). cV=nrPYgE2mLm0Te+T0gzqIi0.0;server=akswtt002000020;cloudType=Consumer;environment=Prod_southeastasia_prod-s01-065-apac-southeastasia;migrationStage=NotStarted Some updates remain.}
{"logTime": "0724/030641", "correlationVector":"L9r+QhAoNalcVbfbAzJ9bS","action":"Initial GetUpdates", "result":"", "context":Reason: NEWLY_SUPPORTED_DATATYPE. cV=L9r+QhAoNalcVbfbAzJ9bS}
{"logTime": "0724/030641", "correlationVector":"L9r+QhAoNalcVbfbAzJ9bS.1","action":"SyncServerConnectionManagerRequest", "result":"SYNC_SERVER_OK", "context":{"environment":"Prod_southeastasia_prod-s01-065-apac-southeastasia", "migrationStage":"NotStarted", "server":"akswtt00200001o"}}
{"logTime": "0724/030641", "correlationVector":"L9r+QhAoNalcVbfbAzJ9bS.2","action":"ProcessGetUpdates", "result":"Done", "context":{"dataType":"History", "deleted":"250", "process_failed_to_decrypt":"0", "process_pending_decryption":"0", "process_success":"250", "total":"250"}}
{"logTime": "0724/030642", "correlationVector":"L9r+QhAoNalcVbfbAzJ9bS.3","action":"GetUpdates Response", "result":"Success", "context":Received 250 update(s). cV=L9r+QhAoNalcVbfbAzJ9bS.0;server=akswtt00200001o;cloudType=Consumer;environment=Prod_southeastasia_prod-s01-065-apac-southeastasia;migrationStage=NotStarted Some updates remain.}
{"logTime": "0724/030642", "correlationVector":"aKThysarKW8ee8ENuJ+EUP","action":"Initial GetUpdates", "result":"", "context":Reason: NEWLY_SUPPORTED_DATATYPE. cV=aKThysarKW8ee8ENuJ+EUP}
{"logTime": "0724/030643", "correlationVector":"aKThysarKW8ee8ENuJ+EUP.1","action":"SyncServerConnectionManagerRequest", "result":"SYNC_SERVER_OK", "context":{"environment":"Prod_southeastasia_prod-s01-065-apac-southeastasia", "migrationStage":"NotStarted", "server":"akswtt002000006"}}
{"logTime": "0724/030643", "correlationVector":"aKThysarKW8ee8ENuJ+EUP.2","action":"ProcessGetUpdates", "result":"Done", "context":{"dataType":"History", "deleted":"250", "process_failed_to_decrypt":"0", "process_pending_decryption":"0", "process_success":"250", "total":"250"}}
{"logTime": "0724/030643", "correlationVector":"aKThysarKW8ee8ENuJ+EUP.3","action":"GetUpdates Response", "result":"Success", "context":Received 250 update(s). cV=aKThysarKW8ee8ENuJ+EUP.0;server=akswtt002000006;cloudType=Consumer;environment=Prod_southeastasia_prod-s01-065-apac-southeastasia;migrationStage=NotStarted Some updates remain.}
{"logTime": "0724/030643", "correlationVector":"lXekT+g/7vdW7zPcfkkD0d","action":"Initial GetUpdates", "result":"", "context":Reason: NEWLY_SUPPORTED_DATATYPE. cV=lXekT+g/7vdW7zPcfkkD0d}
{"logTime": "0724/030644", "correlationVector":"lXekT+g/7vdW7zPcfkkD0d.1","action":"SyncServerConnectionManagerRequest", "result":"SYNC_SERVER_OK", "context":{"environment":"Prod_southeastasia_prod-s01-065-apac-southeastasia", "migrationStage":"NotStarted", "server":"akswtt00200001g"}}
{"logTime": "0724/030644", "correlationVector":"lXekT+g/7vdW7zPcfkkD0d.2","action":"ProcessGetUpdates", "result":"Done", "context":{"dataType":"History", "deleted":"250", "process_failed_to_decrypt":"0", "process_pending_decryption":"0", "process_success":"250", "total":"250"}}
{"logTime": "0724/030644", "correlationVector":"lXekT+g/7vdW7zPcfkkD0d.3","action":"GetUpdates Response", "result":"Success", "context":Received 250 update(s). cV=lXekT+g/7vdW7zPcfkkD0d.0;server=akswtt00200001g;cloudType=Consumer;environment=Prod_southeastasia_prod-s01-065-apac-southeastasia;migrationStage=NotStarted Some updates remain.}
{"logTime": "0724/030644", "correlationVector":"W+9vU+1swByH3xK6xi1s2c","action":"Initial GetUpdates", "result":"", "context":Reason: NEWLY_SUPPORTED_DATATYPE. cV=W+9vU+1swByH3xK6xi1s2c}
{"logTime": "0724/030645", "correlationVector":"W+9vU+1swByH3xK6xi1s2c.1","action":"SyncServerConnectionManagerRequest", "result":"SYNC_SERVER_OK", "context":{"environment":"Prod_southeastasia_prod-s01-065-apac-southeastasia", "migrationStage":"NotStarted", "server":"akswtt00200001q"}}
{"logTime": "0724/030645", "correlationVector":"W+9vU+1swByH3xK6xi1s2c.2","action":"ProcessGetUpdates", "result":"Done", "context":{"dataType":"History", "deleted":"250", "process_failed_to_decrypt":"0", "process_pending_decryption":"0", "process_success":"250", "total":"250"}}
{"logTime": "0724/030645", "correlationVector":"W+9vU+1swByH3xK6xi1s2c.3","action":"GetUpdates Response", "result":"Success", "context":Received 250 update(s). cV=W+9vU+1swByH3xK6xi1s2c.0;server=akswtt00200001q;cloudType=Consumer;environment=Prod_southeastasia_prod-s01-065-apac-southeastasia;migrationStage=NotStarted Some updates remain.}
{"logTime": "0724/030645", "correlationVector":"9G4Mm+nIIlPIWAsioMcH7C","action":"Initial GetUpdates", "result":"", "context":Reason: NEWLY_SUPPORTED_DATATYPE. cV=9G4Mm+nIIlPIWAsioMcH7C}
{"logTime": "0724/030646", "correlationVector":"9G4Mm+nIIlPIWAsioMcH7C.1","action":"SyncServerConnectionManagerRequest", "result":"SYNC_SERVER_OK", "context":{"environment":"Prod_southeastasia_prod-s01-065-apac-southeastasia", "migrationStage":"NotStarted", "server":"akswtt00200000n"}}
{"logTime": "0724/030646", "correlationVector":"9G4Mm+nIIlPIWAsioMcH7C.2","action":"ProcessGetUpdates", "result":"Done", "context":{"dataType":"History", "deleted":"250", "process_failed_to_decrypt":"0", "process_pending_decryption":"0", "process_success":"250", "total":"250"}}
{"logTime": "0724/030646", "correlationVector":"9G4Mm+nIIlPIWAsioMcH7C.3","action":"GetUpdates Response", "result":"Success", "context":Received 250 update(s). cV=9G4Mm+nIIlPIWAsioMcH7C.0;server=akswtt00200000n;cloudType=Consumer;environment=Prod_southeastasia_prod-s01-065-apac-southeastasia;migrationStage=NotStarted Some updates remain.}
{"logTime": "0724/030646", "correlationVector":"e82BqXq/uCf76CaKL2uYat","action":"Initial GetUpdates", "result":"", "context":Reason: NEWLY_SUPPORTED_DATATYPE. cV=e82BqXq/uCf76CaKL2uYat}
{"logTime": "0724/030647", "correlationVector":"e82BqXq/uCf76CaKL2uYat.1","action":"SyncServerConnectionManagerRequest", "result":"SYNC_SERVER_OK", "context":{"environment":"Prod_southeastasia_prod-s01-065-apac-southeastasia", "migrationStage":"NotStarted", "server":"akswtt00200001h"}}
{"logTime": "0724/030647", "correlationVector":"e82BqXq/uCf76CaKL2uYat.2","action":"ProcessGetUpdates", "result":"Done", "context":{"dataType":"History", "deleted":"250", "process_failed_to_decrypt":"0", "process_pending_decryption":"0", "process_success":"250", "total":"250"}}
{"logTime": "0724/030647", "correlationVector":"e82BqXq/uCf76CaKL2uYat.3","action":"GetUpdates Response", "result":"Success", "context":Received 250 update(s). cV=e82BqXq/uCf76CaKL2uYat.0;server=akswtt00200001h;cloudType=Consumer;environment=Prod_southeastasia_prod-s01-065-apac-southeastasia;migrationStage=NotStarted Some updates remain.}
{"logTime": "0724/030647", "correlationVector":"8cnI9twIk9Z9u4KQyC5MWn","action":"Initial GetUpdates", "result":"", "context":Reason: NEWLY_SUPPORTED_DATATYPE. cV=8cnI9twIk9Z9u4KQyC5MWn}
{"logTime": "0724/030648", "correlationVector":"8cnI9twIk9Z9u4KQyC5MWn.1","action":"SyncServerConnectionManagerRequest", "result":"SYNC_SERVER_OK", "context":{"environment":"Prod_southeastasia_prod-s01-065-apac-southeastasia", "migrationStage":"NotStarted", "server":"akswtt002000011"}}
{"logTime": "0724/030648", "correlationVector":"8cnI9twIk9Z9u4KQyC5MWn.2","action":"ProcessGetUpdates", "result":"Done", "context":{"dataType":"History", "deleted":"250", "process_failed_to_decrypt":"0", "process_pending_decryption":"0", "process_success":"250", "total":"250"}}
{"logTime": "0724/030648", "correlationVector":"8cnI9twIk9Z9u4KQyC5MWn.3","action":"GetUpdates Response", "result":"Success", "context":Received 250 update(s). cV=8cnI9twIk9Z9u4KQyC5MWn.0;server=akswtt002000011;cloudType=Consumer;environment=Prod_southeastasia_prod-s01-065-apac-southeastasia;migrationStage=NotStarted Some updates remain.}
{"logTime": "0724/030648", "correlationVector":"KUu5R48uB03LsYZzqQNWdu","action":"Initial GetUpdates", "result":"", "context":Reason: NEWLY_SUPPORTED_DATATYPE. cV=KUu5R48uB03LsYZzqQNWdu}
{"logTime": "0724/030650", "correlationVector":"KUu5R48uB03LsYZzqQNWdu.1","action":"SyncServerConnectionManagerRequest", "result":"SYNC_SERVER_OK", "context":{"environment":"Prod_southeastasia_prod-s01-065-apac-southeastasia", "migrationStage":"NotStarted", "server":"akswtt00200000b"}}
{"logTime": "0724/030650", "correlationVector":"KUu5R48uB03LsYZzqQNWdu.2","action":"ProcessGetUpdates", "result":"Done", "context":{"dataType":"History", "deleted":"250", "process_failed_to_decrypt":"0", "process_pending_decryption":"0", "process_success":"250", "total":"250"}}
{"logTime": "0724/030650", "correlationVector":"KUu5R48uB03LsYZzqQNWdu.3","action":"GetUpdates Response", "result":"Success", "context":Received 250 update(s). cV=KUu5R48uB03LsYZzqQNWdu.0;server=akswtt00200000b;cloudType=Consumer;environment=Prod_southeastasia_prod-s01-065-apac-southeastasia;migrationStage=NotStarted Some updates remain.}
{"logTime": "0724/030650", "correlationVector":"CiapV8WDkTRQYOBQlD0dsf","action":"Initial GetUpdates", "result":"", "context":Reason: NEWLY_SUPPORTED_DATATYPE. cV=CiapV8WDkTRQYOBQlD0dsf}
{"logTime": "0724/030650", "correlationVector":"CiapV8WDkTRQYOBQlD0dsf.1","action":"SyncServerConnectionManagerRequest", "result":"SYNC_SERVER_OK", "context":{"environment":"Prod_southeastasia_prod-s01-065-apac-southeastasia", "migrationStage":"NotStarted", "server":"akswtt002000020"}}
{"logTime": "0724/030650", "correlationVector":"CiapV8WDkTRQYOBQlD0dsf.2","action":"ProcessGetUpdates", "result":"Done", "context":{"dataType":"History", "deleted":"250", "process_failed_to_decrypt":"0", "process_pending_decryption":"0", "process_success":"250", "total":"250"}}
{"logTime": "0724/030650", "correlationVector":"CiapV8WDkTRQYOBQlD0dsf.3","action":"GetUpdates Response", "result":"Success", "context":Received 250 update(s). cV=CiapV8WDkTRQYOBQlD0dsf.0;server=akswtt002000020;cloudType=Consumer;environment=Prod_southeastasia_prod-s01-065-apac-southeastasia;migrationStage=NotStarted Some updates remain.}
{"logTime": "0724/030650", "correlationVector":"/zecH68p5QHHBbBzXiJMah","action":"Initial GetUpdates", "result":"", "context":Reason: NEWLY_SUPPORTED_DATATYPE. cV=/zecH68p5QHHBbBzXiJMah}
{"logTime": "0724/030653", "correlationVector":"/zecH68p5QHHBbBzXiJMah.1","action":"SyncServerConnectionManagerRequest", "result":"SYNC_SERVER_OK", "context":{"environment":"Prod_southeastasia_prod-s01-065-apac-southeastasia", "migrationStage":"NotStarted", "server":"akswtt002000000"}}
{"logTime": "0724/030653", "correlationVector":"/zecH68p5QHHBbBzXiJMah.2","action":"ProcessGetUpdates", "result":"Done", "context":{"dataType":"History", "deleted":"250", "process_failed_to_decrypt":"0", "process_pending_decryption":"0", "process_success":"250", "total":"250"}}
{"logTime": "0724/030653", "correlationVector":"/zecH68p5QHHBbBzXiJMah.3","action":"GetUpdates Response", "result":"Success", "context":Received 250 update(s). cV=/zecH68p5QHHBbBzXiJMah.0;server=akswtt002000000;cloudType=Consumer;environment=Prod_southeastasia_prod-s01-065-apac-southeastasia;migrationStage=NotStarted Some updates remain.}
{"logTime": "0724/030653", "correlationVector":"XrZYBmbuz9aR8XjdgRV9xx","action":"Initial GetUpdates", "result":"", "context":Reason: NEWLY_SUPPORTED_DATATYPE. cV=XrZYBmbuz9aR8XjdgRV9xx}
{"logTime": "0724/030654", "correlationVector":"XrZYBmbuz9aR8XjdgRV9xx.1","action":"SyncServerConnectionManagerRequest", "result":"SYNC_SERVER_OK", "context":{"environment":"Prod_southeastasia_prod-s01-065-apac-southeastasia", "migrationStage":"NotStarted", "server":"akswtt00200001a"}}
{"logTime": "0724/030654", "correlationVector":"XrZYBmbuz9aR8XjdgRV9xx.2","action":"ProcessGetUpdates", "result":"Done", "context":{"dataType":"History", "deleted":"250", "process_failed_to_decrypt":"0", "process_pending_decryption":"0", "process_success":"250", "total":"250"}}
{"logTime": "0724/030654", "correlationVector":"XrZYBmbuz9aR8XjdgRV9xx.3","action":"GetUpdates Response", "result":"Success", "context":Received 250 update(s). cV=XrZYBmbuz9aR8XjdgRV9xx.0;server=akswtt00200001a;cloudType=Consumer;environment=Prod_southeastasia_prod-s01-065-apac-southeastasia;migrationStage=NotStarted Some updates remain.}
{"logTime": "0724/030654", "correlationVector":"ApGuF3zM/VU75ttvosz4Jg","action":"Initial GetUpdates", "result":"", "context":Reason: NEWLY_SUPPORTED_DATATYPE. cV=ApGuF3zM/VU75ttvosz4Jg}
{"logTime": "0724/030655", "correlationVector":"ApGuF3zM/VU75ttvosz4Jg.1","action":"SyncServerConnectionManagerRequest", "result":"SYNC_SERVER_OK", "context":{"environment":"Prod_southeastasia_prod-s01-065-apac-southeastasia", "migrationStage":"NotStarted", "server":"akswtt00200000b"}}
{"logTime": "0724/030655", "correlationVector":"ApGuF3zM/VU75ttvosz4Jg.2","action":"ProcessGetUpdates", "result":"Done", "context":{"dataType":"History", "deleted":"250", "process_failed_to_decrypt":"0", "process_pending_decryption":"0", "process_success":"250", "total":"250"}}
{"logTime": "0724/030655", "correlationVector":"ApGuF3zM/VU75ttvosz4Jg.3","action":"GetUpdates Response", "result":"Success", "context":Received 250 update(s). cV=ApGuF3zM/VU75ttvosz4Jg.0;server=akswtt00200000b;cloudType=Consumer;environment=Prod_southeastasia_prod-s01-065-apac-southeastasia;migrationStage=NotStarted Some updates remain.}
{"logTime": "0724/030655", "correlationVector":"hGggP0UB1c8czj1MAf1iv0","action":"Initial GetUpdates", "result":"", "context":Reason: NEWLY_SUPPORTED_DATATYPE. cV=hGggP0UB1c8czj1MAf1iv0}
{"logTime": "0724/030656", "correlationVector":"hGggP0UB1c8czj1MAf1iv0.1","action":"SyncServerConnectionManagerRequest", "result":"SYNC_SERVER_OK", "context":{"environment":"Prod_southeastasia_prod-s01-065-apac-southeastasia", "migrationStage":"NotStarted", "server":"akswtt00200001j"}}
{"logTime": "0724/030656", "correlationVector":"hGggP0UB1c8czj1MAf1iv0.2","action":"ProcessGetUpdates", "result":"Done", "context":{"dataType":"History", "deleted":"250", "process_failed_to_decrypt":"0", "process_pending_decryption":"0", "process_success":"250", "total":"250"}}
{"logTime": "0724/030656", "correlationVector":"hGggP0UB1c8czj1MAf1iv0.3","action":"GetUpdates Response", "result":"Success", "context":Received 250 update(s). cV=hGggP0UB1c8czj1MAf1iv0.0;server=akswtt00200001j;cloudType=Consumer;environment=Prod_southeastasia_prod-s01-065-apac-southeastasia;migrationStage=NotStarted Some updates remain.}
{"logTime": "0724/030656", "correlationVector":"plmjpkYBirBx4VXIoeaDP7","action":"Initial GetUpdates", "result":"", "context":Reason: NEWLY_SUPPORTED_DATATYPE. cV=plmjpkYBirBx4VXIoeaDP7}
{"logTime": "0724/030657", "correlationVector":"plmjpkYBirBx4VXIoeaDP7.1","action":"SyncServerConnectionManagerRequest", "result":"SYNC_SERVER_OK", "context":{"environment":"Prod_southeastasia_prod-s01-065-apac-southeastasia", "migrationStage":"NotStarted", "server":"akswtt002000007"}}
{"logTime": "0724/030657", "correlationVector":"plmjpkYBirBx4VXIoeaDP7.2","action":"ProcessGetUpdates", "result":"Done", "context":{"dataType":"History", "deleted":"250", "process_failed_to_decrypt":"0", "process_pending_decryption":"0", "process_success":"250", "total":"250"}}
{"logTime": "0724/030657", "correlationVector":"plmjpkYBirBx4VXIoeaDP7.3","action":"GetUpdates Response", "result":"Success", "context":Received 250 update(s). cV=plmjpkYBirBx4VXIoeaDP7.0;server=akswtt002000007;cloudType=Consumer;environment=Prod_southeastasia_prod-s01-065-apac-southeastasia;migrationStage=NotStarted Some updates remain.}
{"logTime": "0724/030657", "correlationVector":"48m8RZXu0r5eWzXCV02FhP","action":"Initial GetUpdates", "result":"", "context":Reason: NEWLY_SUPPORTED_DATATYPE. cV=48m8RZXu0r5eWzXCV02FhP}
{"logTime": "0724/030659", "correlationVector":"48m8RZXu0r5eWzXCV02FhP.1","action":"SyncServerConnectionManagerRequest", "result":"SYNC_SERVER_OK", "context":{"environment":"Prod_southeastasia_prod-s01-065-apac-southeastasia", "migrationStage":"NotStarted", "server":"akswtt00200000h"}}
{"logTime": "0724/030659", "correlationVector":"48m8RZXu0r5eWzXCV02FhP.2","action":"ProcessGetUpdates", "result":"Done", "context":{"dataType":"History", "deleted":"250", "process_failed_to_decrypt":"0", "process_pending_decryption":"0", "process_success":"250", "total":"250"}}
{"logTime": "0724/030659", "correlationVector":"48m8RZXu0r5eWzXCV02FhP.3","action":"GetUpdates Response", "result":"Success", "context":Received 250 update(s). cV=48m8RZXu0r5eWzXCV02FhP.0;server=akswtt00200000h;cloudType=Consumer;environment=Prod_southeastasia_prod-s01-065-apac-southeastasia;migrationStage=NotStarted Some updates remain.}
{"logTime": "0724/030659", "correlationVector":"uqhGCWjqZvyDBoXMV4FMBX","action":"Initial GetUpdates", "result":"", "context":Reason: NEWLY_SUPPORTED_DATATYPE. cV=uqhGCWjqZvyDBoXMV4FMBX}
{"logTime": "0724/030700", "correlationVector":"uqhGCWjqZvyDBoXMV4FMBX.1","action":"SyncServerConnectionManagerRequest", "result":"SYNC_SERVER_OK", "context":{"environment":"Prod_southeastasia_prod-s01-065-apac-southeastasia", "migrationStage":"NotStarted", "server":"akswtt00200000t"}}
{"logTime": "0724/030700", "correlationVector":"uqhGCWjqZvyDBoXMV4FMBX.2","action":"ProcessGetUpdates", "result":"Done", "context":{"dataType":"History", "deleted":"250", "process_failed_to_decrypt":"0", "process_pending_decryption":"0", "process_success":"250", "total":"250"}}
{"logTime": "0724/030700", "correlationVector":"uqhGCWjqZvyDBoXMV4FMBX.3","action":"GetUpdates Response", "result":"Success", "context":Received 250 update(s). cV=uqhGCWjqZvyDBoXMV4FMBX.0;server=akswtt00200000t;cloudType=Consumer;environment=Prod_southeastasia_prod-s01-065-apac-southeastasia;migrationStage=NotStarted Some updates remain.}
{"logTime": "0724/030700", "correlationVector":"vvsvIp9zGLJRUbB0OLrMB6","action":"Initial GetUpdates", "result":"", "context":Reason: NEWLY_SUPPORTED_DATATYPE. cV=vvsvIp9zGLJRUbB0OLrMB6}
{"logTime": "0724/030701", "correlationVector":"vvsvIp9zGLJRUbB0OLrMB6.1","action":"SyncServerConnectionManagerRequest", "result":"SYNC_SERVER_OK", "context":{"environment":"Prod_southeastasia_prod-s01-065-apac-southeastasia", "migrationStage":"NotStarted", "server":"akswtt002000014"}}
{"logTime": "0724/030701", "correlationVector":"vvsvIp9zGLJRUbB0OLrMB6.2","action":"ProcessGetUpdates", "result":"Done", "context":{"dataType":"History", "deleted":"250", "process_failed_to_decrypt":"0", "process_pending_decryption":"0", "process_success":"250", "total":"250"}}
{"logTime": "0724/030701", "correlationVector":"vvsvIp9zGLJRUbB0OLrMB6.3","action":"GetUpdates Response", "result":"Success", "context":Received 250 update(s). cV=vvsvIp9zGLJRUbB0OLrMB6.0;server=akswtt002000014;cloudType=Consumer;environment=Prod_southeastasia_prod-s01-065-apac-southeastasia;migrationStage=NotStarted Some updates remain.}
{"logTime": "0724/030701", "correlationVector":"eQsbN8GHyzm1LTLd7rculD","action":"Initial GetUpdates", "result":"", "context":Reason: NEWLY_SUPPORTED_DATATYPE. cV=eQsbN8GHyzm1LTLd7rculD}
{"logTime": "0724/030703", "correlationVector":"eQsbN8GHyzm1LTLd7rculD.1","action":"SyncServerConnectionManagerRequest", "result":"SYNC_SERVER_OK", "context":{"environment":"Prod_southeastasia_prod-s01-065-apac-southeastasia", "migrationStage":"NotStarted", "server":"akswtt002000016"}}
{"logTime": "0724/030703", "correlationVector":"eQsbN8GHyzm1LTLd7rculD.2","action":"ProcessGetUpdates", "result":"Done", "context":{"dataType":"History", "deleted":"250", "process_failed_to_decrypt":"0", "process_pending_decryption":"0", "process_success":"250", "total":"250"}}
{"logTime": "0724/030703", "correlationVector":"eQsbN8GHyzm1LTLd7rculD.3","action":"GetUpdates Response", "result":"Success", "context":Received 250 update(s). cV=eQsbN8GHyzm1LTLd7rculD.0;server=akswtt002000016;cloudType=Consumer;environment=Prod_southeastasia_prod-s01-065-apac-southeastasia;migrationStage=NotStarted Some updates remain.}
{"logTime": "0724/030703", "correlationVector":"2cHJmIF9wi33X6dLtYRjnb","action":"Initial GetUpdates", "result":"", "context":Reason: NEWLY_SUPPORTED_DATATYPE. cV=2cHJmIF9wi33X6dLtYRjnb}
{"logTime": "0724/030704", "correlationVector":"2cHJmIF9wi33X6dLtYRjnb.1","action":"SyncServerConnectionManagerRequest", "result":"SYNC_SERVER_OK", "context":{"environment":"Prod_southeastasia_prod-s01-065-apac-southeastasia", "migrationStage":"NotStarted", "server":"akswtt002000012"}}
{"logTime": "0724/030704", "correlationVector":"2cHJmIF9wi33X6dLtYRjnb.2","action":"ProcessGetUpdates", "result":"Done", "context":{"dataType":"History", "deleted":"250", "process_failed_to_decrypt":"0", "process_pending_decryption":"0", "process_success":"250", "total":"250"}}
{"logTime": "0724/030704", "correlationVector":"2cHJmIF9wi33X6dLtYRjnb.3","action":"GetUpdates Response", "result":"Success", "context":Received 250 update(s). cV=2cHJmIF9wi33X6dLtYRjnb.0;server=akswtt002000012;cloudType=Consumer;environment=Prod_southeastasia_prod-s01-065-apac-southeastasia;migrationStage=NotStarted Some updates remain.}
{"logTime": "0724/030704", "correlationVector":"H9wWz/VUWBkVHcyd+HXH5H","action":"Initial GetUpdates", "result":"", "context":Reason: NEWLY_SUPPORTED_DATATYPE. cV=H9wWz/VUWBkVHcyd+HXH5H}
{"logTime": "0724/030705", "correlationVector":"H9wWz/VUWBkVHcyd+HXH5H.1","action":"SyncServerConnectionManagerRequest", "result":"SYNC_SERVER_OK", "context":{"environment":"Prod_southeastasia_prod-s01-065-apac-southeastasia", "migrationStage":"NotStarted", "server":"akswtt002000018"}}
{"logTime": "0724/030705", "correlationVector":"H9wWz/VUWBkVHcyd+HXH5H.2","action":"ProcessGetUpdates", "result":"Done", "context":{"dataType":"History", "deleted":"250", "process_failed_to_decrypt":"0", "process_pending_decryption":"0", "process_success":"250", "total":"250"}}
{"logTime": "0724/030705", "correlationVector":"H9wWz/VUWBkVHcyd+HXH5H.3","action":"GetUpdates Response", "result":"Success", "context":Received 250 update(s). cV=H9wWz/VUWBkVHcyd+HXH5H.0;server=akswtt002000018;cloudType=Consumer;environment=Prod_southeastasia_prod-s01-065-apac-southeastasia;migrationStage=NotStarted Some updates remain.}
{"logTime": "0724/030705", "correlationVector":"zvGwmoTrZXKBlcD8K8pGwQ","action":"Initial GetUpdates", "result":"", "context":Reason: NEWLY_SUPPORTED_DATATYPE. cV=zvGwmoTrZXKBlcD8K8pGwQ}
{"logTime": "0724/030706", "correlationVector":"zvGwmoTrZXKBlcD8K8pGwQ.1","action":"SyncServerConnectionManagerRequest", "result":"SYNC_SERVER_OK", "context":{"environment":"Prod_southeastasia_prod-s01-065-apac-southeastasia", "migrationStage":"NotStarted", "server":"akswtt00200000w"}}
{"logTime": "0724/030706", "correlationVector":"zvGwmoTrZXKBlcD8K8pGwQ.2","action":"ProcessGetUpdates", "result":"Done", "context":{"dataType":"History", "deleted":"250", "process_failed_to_decrypt":"0", "process_pending_decryption":"0", "process_success":"250", "total":"250"}}
{"logTime": "0724/030706", "correlationVector":"zvGwmoTrZXKBlcD8K8pGwQ.3","action":"GetUpdates Response", "result":"Success", "context":Received 250 update(s). cV=zvGwmoTrZXKBlcD8K8pGwQ.0;server=akswtt00200000w;cloudType=Consumer;environment=Prod_southeastasia_prod-s01-065-apac-southeastasia;migrationStage=NotStarted Some updates remain.}
{"logTime": "0724/030706", "correlationVector":"nYJW56/HR1Csy/q1+hI4wX","action":"Initial GetUpdates", "result":"", "context":Reason: NEWLY_SUPPORTED_DATATYPE. cV=nYJW56/HR1Csy/q1+hI4wX}
{"logTime": "0724/030708", "correlationVector":"nYJW56/HR1Csy/q1+hI4wX.1","action":"SyncServerConnectionManagerRequest", "result":"SYNC_SERVER_OK", "context":{"environment":"Prod_southeastasia_prod-s01-065-apac-southeastasia", "migrationStage":"NotStarted", "server":"akswtt00200001f"}}
{"logTime": "0724/030708", "correlationVector":"nYJW56/HR1Csy/q1+hI4wX.2","action":"ProcessGetUpdates", "result":"Done", "context":{"dataType":"History", "deleted":"250", "process_failed_to_decrypt":"0", "process_pending_decryption":"0", "process_success":"250", "total":"250"}}
{"logTime": "0724/030708", "correlationVector":"nYJW56/HR1Csy/q1+hI4wX.3","action":"GetUpdates Response", "result":"Success", "context":Received 250 update(s). cV=nYJW56/HR1Csy/q1+hI4wX.0;server=akswtt00200001f;cloudType=Consumer;environment=Prod_southeastasia_prod-s01-065-apac-southeastasia;migrationStage=NotStarted Some updates remain.}
{"logTime": "0724/030708", "correlationVector":"+OxGQnnoQvheMKrn7MN++m","action":"Initial GetUpdates", "result":"", "context":Reason: NEWLY_SUPPORTED_DATATYPE. cV=+OxGQnnoQvheMKrn7MN++m}
{"logTime": "0724/030709", "correlationVector":"+OxGQnnoQvheMKrn7MN++m.1","action":"SyncServerConnectionManagerRequest", "result":"SYNC_SERVER_OK", "context":{"environment":"Prod_southeastasia_prod-s01-065-apac-southeastasia", "migrationStage":"NotStarted", "server":"akswtt002000016"}}
{"logTime": "0724/030709", "correlationVector":"+OxGQnnoQvheMKrn7MN++m.2","action":"ProcessGetUpdates", "result":"Done", "context":{"dataType":"History", "deleted":"250", "process_failed_to_decrypt":"0", "process_pending_decryption":"0", "process_success":"250", "total":"250"}}
{"logTime": "0724/030709", "correlationVector":"+OxGQnnoQvheMKrn7MN++m.3","action":"GetUpdates Response", "result":"Success", "context":Received 250 update(s). cV=+OxGQnnoQvheMKrn7MN++m.0;server=akswtt002000016;cloudType=Consumer;environment=Prod_southeastasia_prod-s01-065-apac-southeastasia;migrationStage=NotStarted Some updates remain.}
{"logTime": "0724/030709", "correlationVector":"KhnX0h5rRm+LkoEibFRKx7","action":"Initial GetUpdates", "result":"", "context":Reason: NEWLY_SUPPORTED_DATATYPE. cV=KhnX0h5rRm+LkoEibFRKx7}
{"logTime": "0724/030710", "correlationVector":"KhnX0h5rRm+LkoEibFRKx7.1","action":"SyncServerConnectionManagerRequest", "result":"SYNC_SERVER_OK", "context":{"environment":"Prod_southeastasia_prod-s01-065-apac-southeastasia", "migrationStage":"NotStarted", "server":"akswtt00200001k"}}
{"logTime": "0724/030710", "correlationVector":"KhnX0h5rRm+LkoEibFRKx7.2","action":"ProcessGetUpdates", "result":"Done", "context":{"dataType":"History", "deleted":"250", "process_failed_to_decrypt":"0", "process_pending_decryption":"0", "process_success":"250", "total":"250"}}
{"logTime": "0724/030710", "correlationVector":"KhnX0h5rRm+LkoEibFRKx7.3","action":"GetUpdates Response", "result":"Success", "context":Received 250 update(s). cV=KhnX0h5rRm+LkoEibFRKx7.0;server=akswtt00200001k;cloudType=Consumer;environment=Prod_southeastasia_prod-s01-065-apac-southeastasia;migrationStage=NotStarted Some updates remain.}
{"logTime": "0724/030710", "correlationVector":"1aQAWb96sRWBjOx3N8zDxe","action":"Initial GetUpdates", "result":"", "context":Reason: NEWLY_SUPPORTED_DATATYPE. cV=1aQAWb96sRWBjOx3N8zDxe}
{"logTime": "0724/030711", "correlationVector":"1aQAWb96sRWBjOx3N8zDxe.1","action":"SyncServerConnectionManagerRequest", "result":"SYNC_SERVER_OK", "context":{"environment":"Prod_southeastasia_prod-s01-065-apac-southeastasia", "migrationStage":"NotStarted", "server":"akswtt00200001f"}}
{"logTime": "0724/030711", "correlationVector":"1aQAWb96sRWBjOx3N8zDxe.2","action":"ProcessGetUpdates", "result":"Done", "context":{"dataType":"History", "deleted":"250", "process_failed_to_decrypt":"0", "process_pending_decryption":"0", "process_success":"250", "total":"250"}}
{"logTime": "0724/030711", "correlationVector":"1aQAWb96sRWBjOx3N8zDxe.3","action":"GetUpdates Response", "result":"Success", "context":Received 250 update(s). cV=1aQAWb96sRWBjOx3N8zDxe.0;server=akswtt00200001f;cloudType=Consumer;environment=Prod_southeastasia_prod-s01-065-apac-southeastasia;migrationStage=NotStarted Some updates remain.}
{"logTime": "0724/030711", "correlationVector":"wSOJIBmMWL0QkKEowxtik4","action":"Initial GetUpdates", "result":"", "context":Reason: NEWLY_SUPPORTED_DATATYPE. cV=wSOJIBmMWL0QkKEowxtik4}
{"logTime": "0724/030713", "correlationVector":"wSOJIBmMWL0QkKEowxtik4.1","action":"SyncServerConnectionManagerRequest", "result":"SYNC_SERVER_OK", "context":{"environment":"Prod_southeastasia_prod-s01-065-apac-southeastasia", "migrationStage":"NotStarted", "server":"akswtt002000018"}}
{"logTime": "0724/030713", "correlationVector":"wSOJIBmMWL0QkKEowxtik4.2","action":"ProcessGetUpdates", "result":"Done", "context":{"dataType":"History", "deleted":"250", "process_failed_to_decrypt":"0", "process_pending_decryption":"0", "process_success":"250", "total":"250"}}
{"logTime": "0724/030713", "correlationVector":"wSOJIBmMWL0QkKEowxtik4.3","action":"GetUpdates Response", "result":"Success", "context":Received 250 update(s). cV=wSOJIBmMWL0QkKEowxtik4.0;server=akswtt002000018;cloudType=Consumer;environment=Prod_southeastasia_prod-s01-065-apac-southeastasia;migrationStage=NotStarted Some updates remain.}
{"logTime": "0724/030713", "correlationVector":"w32HNuEVQ68eYBnHLnfiXD","action":"Initial GetUpdates", "result":"", "context":Reason: NEWLY_SUPPORTED_DATATYPE. cV=w32HNuEVQ68eYBnHLnfiXD}
{"logTime": "0724/030714", "correlationVector":"w32HNuEVQ68eYBnHLnfiXD.1","action":"SyncServerConnectionManagerRequest", "result":"SYNC_SERVER_OK", "context":{"environment":"Prod_southeastasia_prod-s01-065-apac-southeastasia", "migrationStage":"NotStarted", "server":"akswtt002000021"}}
{"logTime": "0724/030714", "correlationVector":"w32HNuEVQ68eYBnHLnfiXD.2","action":"ProcessGetUpdates", "result":"Done", "context":{"dataType":"History", "deleted":"250", "process_failed_to_decrypt":"0", "process_pending_decryption":"0", "process_success":"250", "total":"250"}}
{"logTime": "0724/030714", "correlationVector":"w32HNuEVQ68eYBnHLnfiXD.3","action":"GetUpdates Response", "result":"Success", "context":Received 250 update(s). cV=w32HNuEVQ68eYBnHLnfiXD.0;server=akswtt002000021;cloudType=Consumer;environment=Prod_southeastasia_prod-s01-065-apac-southeastasia;migrationStage=NotStarted Some updates remain.}
{"logTime": "0724/030714", "correlationVector":"vhuYMd54m6PHQKGhURQa+X","action":"Initial GetUpdates", "result":"", "context":Reason: NEWLY_SUPPORTED_DATATYPE. cV=vhuYMd54m6PHQKGhURQa+X}
{"logTime": "0724/030715", "correlationVector":"vhuYMd54m6PHQKGhURQa+X.1","action":"SyncServerConnectionManagerRequest", "result":"SYNC_SERVER_OK", "context":{"environment":"Prod_southeastasia_prod-s01-065-apac-southeastasia", "migrationStage":"NotStarted", "server":"akswtt00200000b"}}
{"logTime": "0724/030715", "correlationVector":"vhuYMd54m6PHQKGhURQa+X.2","action":"ProcessGetUpdates", "result":"Done", "context":{"dataType":"History", "deleted":"33", "process_failed_to_decrypt":"0", "process_pending_decryption":"0", "process_success":"250", "total":"250"}}
{"logTime": "0724/030715", "correlationVector":"vhuYMd54m6PHQKGhURQa+X.3","action":"GetUpdates Response", "result":"Success", "context":Received 250 update(s). cV=vhuYMd54m6PHQKGhURQa+X.0;server=akswtt00200000b;cloudType=Consumer;environment=Prod_southeastasia_prod-s01-065-apac-southeastasia;migrationStage=NotStarted Some updates remain.}
{"logTime": "0724/030715", "correlationVector":"UPNYogul08GpdCPwHfUPjJ","action":"Initial GetUpdates", "result":"", "context":Reason: NEWLY_SUPPORTED_DATATYPE. cV=UPNYogul08GpdCPwHfUPjJ}
{"logTime": "0724/030716", "correlationVector":"UPNYogul08GpdCPwHfUPjJ.1","action":"SyncServerConnectionManagerRequest", "result":"SYNC_SERVER_OK", "context":{"environment":"Prod_southeastasia_prod-s01-065-apac-southeastasia", "migrationStage":"NotStarted", "server":"akswtt002000015"}}
{"logTime": "0724/030716", "correlationVector":"UPNYogul08GpdCPwHfUPjJ.2","action":"ProcessGetUpdates", "result":"Done", "context":{"dataType":"History", "deleted":"0", "process_failed_to_decrypt":"0", "process_pending_decryption":"0", "process_success":"250", "total":"250"}}
{"logTime": "0724/030716", "correlationVector":"UPNYogul08GpdCPwHfUPjJ.3","action":"GetUpdates Response", "result":"Success", "context":Received 250 update(s). cV=UPNYogul08GpdCPwHfUPjJ.0;server=akswtt002000015;cloudType=Consumer;environment=Prod_southeastasia_prod-s01-065-apac-southeastasia;migrationStage=NotStarted Some updates remain.}
{"logTime": "0724/030716", "correlationVector":"t3lVsQkctkNsKoIx3Nrwqb","action":"Initial GetUpdates", "result":"", "context":Reason: NEWLY_SUPPORTED_DATATYPE. cV=t3lVsQkctkNsKoIx3Nrwqb}
{"logTime": "0724/030717", "correlationVector":"t3lVsQkctkNsKoIx3Nrwqb.1","action":"SyncServerConnectionManagerRequest", "result":"SYNC_SERVER_OK", "context":{"environment":"Prod_southeastasia_prod-s01-065-apac-southeastasia", "migrationStage":"NotStarted", "server":"akswtt00200000q"}}
{"logTime": "0724/030717", "correlationVector":"t3lVsQkctkNsKoIx3Nrwqb.2","action":"ProcessGetUpdates", "result":"Done", "context":{"dataType":"History", "deleted":"0", "process_failed_to_decrypt":"0", "process_pending_decryption":"0", "process_success":"228", "total":"228"}}
{"logTime": "0724/030717", "correlationVector":"t3lVsQkctkNsKoIx3Nrwqb.3","action":"GetUpdates Response", "result":"Success", "context":Received 228 update(s). cV=t3lVsQkctkNsKoIx3Nrwqb.0;server=akswtt00200000q;cloudType=Consumer;environment=Prod_southeastasia_prod-s01-065-apac-southeastasia;migrationStage=NotStarted}
{"logTime": "0724/030717", "correlationVector":"y8tzMKdkQBfjgM+bHo9/sK","action":"Normal GetUpdate request", "result":"", "context":cV=y8tzMKdkQBfjgM+bHo9/sK
Nudged types: Sessions, Device Info, User Consents
Refresh requested types: Bookmarks, Preferences, Passwords, Autofill Profiles, Autofill, Extensions, Sessions, Extension settings, History Delete Directives, Device Info, User Consents, Send Tab To Self, Web Apps, History, Saved Tab Group, WebAuthn Credentials, Edge E Drop, Edge Hub App Usage, Edge Workspace, Encryption Keys}
{"logTime": "0724/030721", "correlationVector":"y8tzMKdkQBfjgM+bHo9/sK.1","action":"SyncServerConnectionManagerRequest", "result":"SYNC_SERVER_OK", "context":{"environment":"Prod_southeastasia_prod-s01-065-apac-southeastasia", "migrationStage":"NotStarted", "server":"akswtt002000013"}}
{"logTime": "0724/030721", "correlationVector":"y8tzMKdkQBfjgM+bHo9/sK.2","action":"GetUpdates Response", "result":"Success", "context":Received 0 update(s). cV=y8tzMKdkQBfjgM+bHo9/sK.0;server=akswtt002000013;cloudType=Consumer;environment=Prod_southeastasia_prod-s01-065-apac-southeastasia;migrationStage=NotStarted}
{"logTime": "0724/030721", "correlationVector":"GzlFVGhcif6AcFvlgrkBCj","action":"DoCompareDataConsistency requsted types: ", "result":"Bookmarks, Preferences, Passwords, Extensions, Extension settings, History Delete Directives, Send Tab To Self, Web Apps, History, Saved Tab Group, WebAuthn Credentials, Edge E Drop, Edge Workspace, Encryption Keys"}
{"logTime": "0724/030721", "correlationVector":"GzlFVGhcif6AcFvlgrkBCj.0","action":"CompareDataConsistency result: ", "result":"Compare result: Encryption Keys is consistent. local entities count is: 1 local entities hash is: RHylIyMB2LhSr2s4RmAxwgER+hI="}
{"logTime": "0724/030721", "correlationVector":"GzlFVGhcif6AcFvlgrkBCj.1","action":"CompareDataConsistency result: ", "result":"Compare result: Bookmarks is consistent. local entities count is: 321 local entities hash is: igwv57KeyahYO77Xj2dp208haZw="}
{"logTime": "0724/030721", "correlationVector":"GzlFVGhcif6AcFvlgrkBCj.2","action":"CompareDataConsistency result: ", "result":"Compare result: Preferences is consistent. local entities count is: 124 local entities hash is: m3rFibEQKcd38OwoWGdTbDM7pbI="}
{"logTime": "0724/030721", "correlationVector":"GzlFVGhcif6AcFvlgrkBCj.3","action":"CompareDataConsistency result: ", "result":"Compare result: Extensions is consistent. local entities count is: 12 local entities hash is: 9sUzCH952Rcaxfhu8heAl7iVS1U="}
{"logTime": "0724/030721", "correlationVector":"GzlFVGhcif6AcFvlgrkBCj.4","action":"CompareDataConsistency result: ", "result":"Compare result: Extension settings is consistent. local entities count is: 18 local entities hash is: yjKE/Dq4ItuZFTaGVedcMjxCU7s="}
{"logTime": "0724/030721", "correlationVector":"GzlFVGhcif6AcFvlgrkBCj.5","action":"CompareDataConsistency result: ", "result":"Compare result: History Delete Directives is inconsistent. server entities count is: 62 server entities hash is: w+Av0GTmudG+/yJ1e0prFwHThzg= local entities count is: 0 local entities hash is: "}
{"logTime": "0724/030721", "correlationVector":"GzlFVGhcif6AcFvlgrkBCj.6","action":"CompareDataConsistency result: ", "result":"Server did not send this Send Tab To Self local entities count is: 0 local entities hash is: "}
{"logTime": "0724/030721", "correlationVector":"GzlFVGhcif6AcFvlgrkBCj.7","action":"CompareDataConsistency result: ", "result":"Compare result: Web Apps is consistent. local entities count is: 2 local entities hash is: FnB8Ssq2altWsJwMj12r7Xiw7pQ="}
{"logTime": "0724/030721", "correlationVector":"GzlFVGhcif6AcFvlgrkBCj.8","action":"CompareDataConsistency result: ", "result":"Server did not send this History local entities count is: 0 local entities hash is: "}
{"logTime": "0724/030721", "correlationVector":"GzlFVGhcif6AcFvlgrkBCj.9","action":"CompareDataConsistency result: ", "result":"Compare result: Saved Tab Group is consistent. local entities count is: 37 local entities hash is: wumYbvncG0IvP+24I68xmm9wtCw="}
{"logTime": "0724/030721", "correlationVector":"GzlFVGhcif6AcFvlgrkBCj.10","action":"CompareDataConsistency result: ", "result":"Server did not send this WebAuthn Credentials local entities count is: 1 local entities hash is: /6PGaR8zb9r7Zxj/0MysSXKKB1o="}
{"logTime": "0724/030721", "correlationVector":"GzlFVGhcif6AcFvlgrkBCj.11","action":"CompareDataConsistency result: ", "result":"Compare result: Edge E Drop is consistent. local entities count is: 0 local entities hash is: "}
{"logTime": "0724/030721", "correlationVector":"GzlFVGhcif6AcFvlgrkBCj.12","action":"CompareDataConsistency result: ", "result":"Server did not send this Edge Workspace local entities count is: 0 local entities hash is: "}
{"logTime": "0724/030721", "correlationVector":"GzlFVGhcif6AcFvlgrkBCj.13","action":"CompareDataConsistency result: ", "result":"Compare result: Passwords is consistent. local entities count is: 64 local entities hash is: rycoIpum1QMEyUq2Tn+Mc1BTcjI="}
{"logTime": "0724/030721", "correlationVector":"291ezCBhTCvso83Y7ONqfV","action":"Commit Request", "result":"", "context":Item count: 4
Contributing types: Sessions, Device Info, User Consents}
{"logTime": "0724/030723", "correlationVector":"291ezCBhTCvso83Y7ONqfV.1","action":"SyncServerConnectionManagerRequest", "result":"SYNC_SERVER_OK", "context":{"environment":"Prod_southeastasia_prod-s01-065-apac-southeastasia", "migrationStage":"NotStarted", "server":"akswtt002000013"}}
{"logTime": "0724/030723", "correlationVector":"291ezCBhTCvso83Y7ONqfV.2","action":"Commit Response", "result":"Success", "context":Result: Success. cV=291ezCBhTCvso83Y7ONqfV.0;server=akswtt002000013;cloudType=Consumer;environment=Prod_southeastasia_prod-s01-065-apac-southeastasia;migrationStage=NotStarted}
{"logTime": "0724/030723", "correlationVector":"","action":"DIAGNOSTIC_REQUEST|v1/diagnosticData/Diagnostic.SendCheckResult()|SUCCESS", "result":""}
